---
http_interactions:
- request:
    method: post
    uri: "<DOCKER_HOST>/v1.15/containers/create?name=with_ports"
    body:
      encoding: UTF-8
      string: '{"Env":[],"Image":"hawknewton/show-env","ExposedPorts":{"80/tcp":{},"70/tcp":{}}}'
    headers:
      User-Agent:
      - Swipely/Docker-API 1.18.0
      Content-Type:
      - application/json
  response:
    status:
      code: 201
      message: 
    headers:
      Content-Type:
      - application/json
      Date:
      - Wed, 18 Feb 2015 04:48:15 GMT
      Content-Length:
      - '90'
    body:
      encoding: UTF-8
      string: |
        {"Id":"6c67a9478ab2f04048f0477269509a93eea52d3fd5eede63af77f65961cf4364","Warnings":null}
    http_version: 
  recorded_at: Wed, 18 Feb 2015 04:51:00 GMT
- request:
    method: post
    uri: "<DOCKER_HOST>/v1.15/containers/6c67a9478ab2f04048f0477269509a93eea52d3fd5eede63af77f65961cf4364/start"
    body:
      encoding: UTF-8
      string: '{"PortBindings":{"80/tcp":[{"HostPort":"57122"}],"70/tcp":[{}]},"VolumesFrom":null}'
    headers:
      User-Agent:
      - Swipely/Docker-API 1.18.0
      Content-Type:
      - application/json
  response:
    status:
      code: 204
      message: 
    headers:
      Date:
      - Wed, 18 Feb 2015 04:48:15 GMT
    body:
      encoding: UTF-8
      string: ''
    http_version: 
  recorded_at: Wed, 18 Feb 2015 04:51:01 GMT
- request:
    method: get
    uri: "<DOCKER_HOST>/v1.15/containers/6c67a9478ab2f04048f0477269509a93eea52d3fd5eede63af77f65961cf4364/json"
    body:
      encoding: US-ASCII
      string: ''
    headers:
      User-Agent:
      - Swipely/Docker-API 1.18.0
      Content-Type:
      - text/plain
  response:
    status:
      code: 200
      message: 
    headers:
      Content-Type:
      - application/json
      Date:
      - Wed, 18 Feb 2015 04:48:15 GMT
    body:
      encoding: UTF-8
      string: |
        {"Args":["-c","ruby /code/server.rb"],"Config":{"AttachStderr":false,"AttachStdin":false,"AttachStdout":false,"Cmd":null,"CpuShares":0,"Cpuset":"","Domainname":"","Entrypoint":["/bin/sh","-c","ruby /code/server.rb"],"Env":["PATH=/usr/local/bundle/bin:/usr/local/sbin:/usr/local/bin:/usr/sbin:/usr/bin:/sbin:/bin","RUBY_MAJOR=2.1","RUBY_VERSION=2.1.3","GEM_HOME=/usr/local/bundle","BUNDLE_APP_CONFIG=/usr/local/bundle"],"ExposedPorts":{"70/tcp":{},"80/tcp":{}},"Hostname":"6c67a9478ab2","Image":"hawknewton/show-env","Memory":0,"MemorySwap":0,"NetworkDisabled":false,"OnBuild":null,"OpenStdin":false,"PortSpecs":null,"SecurityOpt":null,"StdinOnce":false,"Tty":false,"User":"","Volumes":null,"WorkingDir":""},"Created":"2015-02-18T04:48:15.183589691Z","Driver":"aufs","ExecDriver":"native-0.2","HostConfig":{"Binds":null,"CapAdd":null,"CapDrop":null,"ContainerIDFile":"","Devices":null,"Dns":null,"DnsSearch":null,"ExtraHosts":null,"Links":null,"LxcConf":null,"NetworkMode":"","PortBindings":{"70/tcp":[{"HostIp":"","HostPort":""}],"80/tcp":[{"HostIp":"","HostPort":"57122"}]},"Privileged":false,"PublishAllPorts":false,"RestartPolicy":{"MaximumRetryCount":0,"Name":""},"VolumesFrom":null},"HostnamePath":"/mnt/sda1/var/lib/docker/containers/6c67a9478ab2f04048f0477269509a93eea52d3fd5eede63af77f65961cf4364/hostname","HostsPath":"/mnt/sda1/var/lib/docker/containers/6c67a9478ab2f04048f0477269509a93eea52d3fd5eede63af77f65961cf4364/hosts","Id":"6c67a9478ab2f04048f0477269509a93eea52d3fd5eede63af77f65961cf4364","Image":"b9c5be3a918d80b0d898ed8eca3fc76f75c482b531238e539cb00f75bb4e12d2","MountLabel":"","Name":"/with_ports","NetworkSettings":{"Bridge":"docker0","Gateway":"172.17.42.1","IPAddress":"172.17.0.90","IPPrefixLen":16,"MacAddress":"02:42:ac:11:00:5a","PortMapping":null,"Ports":{"70/tcp":[{"HostIp":"0.0.0.0","HostPort":"49154"}],"80/tcp":[{"HostIp":"0.0.0.0","HostPort":"57122"}]}},"Path":"/bin/sh","ProcessLabel":"","ResolvConfPath":"/mnt/sda1/var/lib/docker/containers/6c67a9478ab2f04048f0477269509a93eea52d3fd5eede63af77f65961cf4364/resolv.conf","State":{"ExitCode":0,"FinishedAt":"0001-01-01T00:00:00Z","Paused":false,"Pid":4009,"Restarting":false,"Running":true,"StartedAt":"2015-02-18T04:48:15.801968205Z"},"Volumes":{},"VolumesRW":{}}
    http_version: 
  recorded_at: Wed, 18 Feb 2015 04:51:01 GMT
- request:
    method: get
    uri: "<DOCKER_HOST>/v1.15/containers/6c67a9478ab2f04048f0477269509a93eea52d3fd5eede63af77f65961cf4364/json"
    body:
      encoding: US-ASCII
      string: ''
    headers:
      User-Agent:
      - Swipely/Docker-API 1.18.0
      Content-Type:
      - text/plain
  response:
    status:
      code: 200
      message: 
    headers:
      Content-Type:
      - application/json
      Date:
      - Wed, 18 Feb 2015 04:48:15 GMT
    body:
      encoding: UTF-8
      string: |
        {"Args":["-c","ruby /code/server.rb"],"Config":{"AttachStderr":false,"AttachStdin":false,"AttachStdout":false,"Cmd":null,"CpuShares":0,"Cpuset":"","Domainname":"","Entrypoint":["/bin/sh","-c","ruby /code/server.rb"],"Env":["PATH=/usr/local/bundle/bin:/usr/local/sbin:/usr/local/bin:/usr/sbin:/usr/bin:/sbin:/bin","RUBY_MAJOR=2.1","RUBY_VERSION=2.1.3","GEM_HOME=/usr/local/bundle","BUNDLE_APP_CONFIG=/usr/local/bundle"],"ExposedPorts":{"70/tcp":{},"80/tcp":{}},"Hostname":"6c67a9478ab2","Image":"hawknewton/show-env","Memory":0,"MemorySwap":0,"NetworkDisabled":false,"OnBuild":null,"OpenStdin":false,"PortSpecs":null,"SecurityOpt":null,"StdinOnce":false,"Tty":false,"User":"","Volumes":null,"WorkingDir":""},"Created":"2015-02-18T04:48:15.183589691Z","Driver":"aufs","ExecDriver":"native-0.2","HostConfig":{"Binds":null,"CapAdd":null,"CapDrop":null,"ContainerIDFile":"","Devices":null,"Dns":null,"DnsSearch":null,"ExtraHosts":null,"Links":null,"LxcConf":null,"NetworkMode":"","PortBindings":{"70/tcp":[{"HostIp":"","HostPort":""}],"80/tcp":[{"HostIp":"","HostPort":"57122"}]},"Privileged":false,"PublishAllPorts":false,"RestartPolicy":{"MaximumRetryCount":0,"Name":""},"VolumesFrom":null},"HostnamePath":"/mnt/sda1/var/lib/docker/containers/6c67a9478ab2f04048f0477269509a93eea52d3fd5eede63af77f65961cf4364/hostname","HostsPath":"/mnt/sda1/var/lib/docker/containers/6c67a9478ab2f04048f0477269509a93eea52d3fd5eede63af77f65961cf4364/hosts","Id":"6c67a9478ab2f04048f0477269509a93eea52d3fd5eede63af77f65961cf4364","Image":"b9c5be3a918d80b0d898ed8eca3fc76f75c482b531238e539cb00f75bb4e12d2","MountLabel":"","Name":"/with_ports","NetworkSettings":{"Bridge":"docker0","Gateway":"172.17.42.1","IPAddress":"172.17.0.90","IPPrefixLen":16,"MacAddress":"02:42:ac:11:00:5a","PortMapping":null,"Ports":{"70/tcp":[{"HostIp":"0.0.0.0","HostPort":"49154"}],"80/tcp":[{"HostIp":"0.0.0.0","HostPort":"57122"}]}},"Path":"/bin/sh","ProcessLabel":"","ResolvConfPath":"/mnt/sda1/var/lib/docker/containers/6c67a9478ab2f04048f0477269509a93eea52d3fd5eede63af77f65961cf4364/resolv.conf","State":{"ExitCode":0,"FinishedAt":"0001-01-01T00:00:00Z","Paused":false,"Pid":4009,"Restarting":false,"Running":true,"StartedAt":"2015-02-18T04:48:15.801968205Z"},"Volumes":{},"VolumesRW":{}}
    http_version: 
  recorded_at: Wed, 18 Feb 2015 04:51:01 GMT
- request:
    method: get
    uri: "<DOCKER_HOST>/v1.15/containers/6c67a9478ab2f04048f0477269509a93eea52d3fd5eede63af77f65961cf4364/json"
    body:
      encoding: US-ASCII
      string: ''
    headers:
      User-Agent:
      - Swipely/Docker-API 1.18.0
      Content-Type:
      - text/plain
  response:
    status:
      code: 200
      message: 
    headers:
      Content-Type:
      - application/json
      Date:
      - Wed, 18 Feb 2015 04:48:15 GMT
    body:
      encoding: UTF-8
      string: |
        {"Args":["-c","ruby /code/server.rb"],"Config":{"AttachStderr":false,"AttachStdin":false,"AttachStdout":false,"Cmd":null,"CpuShares":0,"Cpuset":"","Domainname":"","Entrypoint":["/bin/sh","-c","ruby /code/server.rb"],"Env":["PATH=/usr/local/bundle/bin:/usr/local/sbin:/usr/local/bin:/usr/sbin:/usr/bin:/sbin:/bin","RUBY_MAJOR=2.1","RUBY_VERSION=2.1.3","GEM_HOME=/usr/local/bundle","BUNDLE_APP_CONFIG=/usr/local/bundle"],"ExposedPorts":{"70/tcp":{},"80/tcp":{}},"Hostname":"6c67a9478ab2","Image":"hawknewton/show-env","Memory":0,"MemorySwap":0,"NetworkDisabled":false,"OnBuild":null,"OpenStdin":false,"PortSpecs":null,"SecurityOpt":null,"StdinOnce":false,"Tty":false,"User":"","Volumes":null,"WorkingDir":""},"Created":"2015-02-18T04:48:15.183589691Z","Driver":"aufs","ExecDriver":"native-0.2","HostConfig":{"Binds":null,"CapAdd":null,"CapDrop":null,"ContainerIDFile":"","Devices":null,"Dns":null,"DnsSearch":null,"ExtraHosts":null,"Links":null,"LxcConf":null,"NetworkMode":"","PortBindings":{"70/tcp":[{"HostIp":"","HostPort":""}],"80/tcp":[{"HostIp":"","HostPort":"57122"}]},"Privileged":false,"PublishAllPorts":false,"RestartPolicy":{"MaximumRetryCount":0,"Name":""},"VolumesFrom":null},"HostnamePath":"/mnt/sda1/var/lib/docker/containers/6c67a9478ab2f04048f0477269509a93eea52d3fd5eede63af77f65961cf4364/hostname","HostsPath":"/mnt/sda1/var/lib/docker/containers/6c67a9478ab2f04048f0477269509a93eea52d3fd5eede63af77f65961cf4364/hosts","Id":"6c67a9478ab2f04048f0477269509a93eea52d3fd5eede63af77f65961cf4364","Image":"b9c5be3a918d80b0d898ed8eca3fc76f75c482b531238e539cb00f75bb4e12d2","MountLabel":"","Name":"/with_ports","NetworkSettings":{"Bridge":"docker0","Gateway":"172.17.42.1","IPAddress":"172.17.0.90","IPPrefixLen":16,"MacAddress":"02:42:ac:11:00:5a","PortMapping":null,"Ports":{"70/tcp":[{"HostIp":"0.0.0.0","HostPort":"49154"}],"80/tcp":[{"HostIp":"0.0.0.0","HostPort":"57122"}]}},"Path":"/bin/sh","ProcessLabel":"","ResolvConfPath":"/mnt/sda1/var/lib/docker/containers/6c67a9478ab2f04048f0477269509a93eea52d3fd5eede63af77f65961cf4364/resolv.conf","State":{"ExitCode":0,"FinishedAt":"0001-01-01T00:00:00Z","Paused":false,"Pid":4009,"Restarting":false,"Running":true,"StartedAt":"2015-02-18T04:48:15.801968205Z"},"Volumes":{},"VolumesRW":{}}
    http_version: 
  recorded_at: Wed, 18 Feb 2015 04:51:01 GMT
- request:
    method: get
    uri: "<DOCKER_HOST>/v1.15/containers/6c67a9478ab2f04048f0477269509a93eea52d3fd5eede63af77f65961cf4364/json"
    body:
      encoding: US-ASCII
      string: ''
    headers:
      User-Agent:
      - Swipely/Docker-API 1.18.0
      Content-Type:
      - text/plain
  response:
    status:
      code: 200
      message: 
    headers:
      Content-Type:
      - application/json
      Date:
      - Wed, 18 Feb 2015 04:48:15 GMT
    body:
      encoding: UTF-8
      string: |
        {"Args":["-c","ruby /code/server.rb"],"Config":{"AttachStderr":false,"AttachStdin":false,"AttachStdout":false,"Cmd":null,"CpuShares":0,"Cpuset":"","Domainname":"","Entrypoint":["/bin/sh","-c","ruby /code/server.rb"],"Env":["PATH=/usr/local/bundle/bin:/usr/local/sbin:/usr/local/bin:/usr/sbin:/usr/bin:/sbin:/bin","RUBY_MAJOR=2.1","RUBY_VERSION=2.1.3","GEM_HOME=/usr/local/bundle","BUNDLE_APP_CONFIG=/usr/local/bundle"],"ExposedPorts":{"70/tcp":{},"80/tcp":{}},"Hostname":"6c67a9478ab2","Image":"hawknewton/show-env","Memory":0,"MemorySwap":0,"NetworkDisabled":false,"OnBuild":null,"OpenStdin":false,"PortSpecs":null,"SecurityOpt":null,"StdinOnce":false,"Tty":false,"User":"","Volumes":null,"WorkingDir":""},"Created":"2015-02-18T04:48:15.183589691Z","Driver":"aufs","ExecDriver":"native-0.2","HostConfig":{"Binds":null,"CapAdd":null,"CapDrop":null,"ContainerIDFile":"","Devices":null,"Dns":null,"DnsSearch":null,"ExtraHosts":null,"Links":null,"LxcConf":null,"NetworkMode":"","PortBindings":{"70/tcp":[{"HostIp":"","HostPort":""}],"80/tcp":[{"HostIp":"","HostPort":"57122"}]},"Privileged":false,"PublishAllPorts":false,"RestartPolicy":{"MaximumRetryCount":0,"Name":""},"VolumesFrom":null},"HostnamePath":"/mnt/sda1/var/lib/docker/containers/6c67a9478ab2f04048f0477269509a93eea52d3fd5eede63af77f65961cf4364/hostname","HostsPath":"/mnt/sda1/var/lib/docker/containers/6c67a9478ab2f04048f0477269509a93eea52d3fd5eede63af77f65961cf4364/hosts","Id":"6c67a9478ab2f04048f0477269509a93eea52d3fd5eede63af77f65961cf4364","Image":"b9c5be3a918d80b0d898ed8eca3fc76f75c482b531238e539cb00f75bb4e12d2","MountLabel":"","Name":"/with_ports","NetworkSettings":{"Bridge":"docker0","Gateway":"172.17.42.1","IPAddress":"172.17.0.90","IPPrefixLen":16,"MacAddress":"02:42:ac:11:00:5a","PortMapping":null,"Ports":{"70/tcp":[{"HostIp":"0.0.0.0","HostPort":"49154"}],"80/tcp":[{"HostIp":"0.0.0.0","HostPort":"57122"}]}},"Path":"/bin/sh","ProcessLabel":"","ResolvConfPath":"/mnt/sda1/var/lib/docker/containers/6c67a9478ab2f04048f0477269509a93eea52d3fd5eede63af77f65961cf4364/resolv.conf","State":{"ExitCode":0,"FinishedAt":"0001-01-01T00:00:00Z","Paused":false,"Pid":4009,"Restarting":false,"Running":true,"StartedAt":"2015-02-18T04:48:15.801968205Z"},"Volumes":{},"VolumesRW":{}}
    http_version: 
  recorded_at: Wed, 18 Feb 2015 04:51:01 GMT
- request:
    method: get
    uri: "<DOCKER_HOST>/v1.15/containers/with_ports/json"
    body:
      encoding: US-ASCII
      string: ''
    headers:
      User-Agent:
      - Swipely/Docker-API 1.18.0
      Content-Type:
      - text/plain
  response:
    status:
      code: 200
      message: 
    headers:
      Content-Type:
      - application/json
      Date:
      - Wed, 18 Feb 2015 04:48:15 GMT
    body:
      encoding: UTF-8
      string: |
        {"Args":["-c","ruby /code/server.rb"],"Config":{"AttachStderr":false,"AttachStdin":false,"AttachStdout":false,"Cmd":null,"CpuShares":0,"Cpuset":"","Domainname":"","Entrypoint":["/bin/sh","-c","ruby /code/server.rb"],"Env":["PATH=/usr/local/bundle/bin:/usr/local/sbin:/usr/local/bin:/usr/sbin:/usr/bin:/sbin:/bin","RUBY_MAJOR=2.1","RUBY_VERSION=2.1.3","GEM_HOME=/usr/local/bundle","BUNDLE_APP_CONFIG=/usr/local/bundle"],"ExposedPorts":{"70/tcp":{},"80/tcp":{}},"Hostname":"6c67a9478ab2","Image":"hawknewton/show-env","Memory":0,"MemorySwap":0,"NetworkDisabled":false,"OnBuild":null,"OpenStdin":false,"PortSpecs":null,"SecurityOpt":null,"StdinOnce":false,"Tty":false,"User":"","Volumes":null,"WorkingDir":""},"Created":"2015-02-18T04:48:15.183589691Z","Driver":"aufs","ExecDriver":"native-0.2","HostConfig":{"Binds":null,"CapAdd":null,"CapDrop":null,"ContainerIDFile":"","Devices":null,"Dns":null,"DnsSearch":null,"ExtraHosts":null,"Links":null,"LxcConf":null,"NetworkMode":"","PortBindings":{"70/tcp":[{"HostIp":"","HostPort":""}],"80/tcp":[{"HostIp":"","HostPort":"57122"}]},"Privileged":false,"PublishAllPorts":false,"RestartPolicy":{"MaximumRetryCount":0,"Name":""},"VolumesFrom":null},"HostnamePath":"/mnt/sda1/var/lib/docker/containers/6c67a9478ab2f04048f0477269509a93eea52d3fd5eede63af77f65961cf4364/hostname","HostsPath":"/mnt/sda1/var/lib/docker/containers/6c67a9478ab2f04048f0477269509a93eea52d3fd5eede63af77f65961cf4364/hosts","Id":"6c67a9478ab2f04048f0477269509a93eea52d3fd5eede63af77f65961cf4364","Image":"b9c5be3a918d80b0d898ed8eca3fc76f75c482b531238e539cb00f75bb4e12d2","MountLabel":"","Name":"/with_ports","NetworkSettings":{"Bridge":"docker0","Gateway":"172.17.42.1","IPAddress":"172.17.0.90","IPPrefixLen":16,"MacAddress":"02:42:ac:11:00:5a","PortMapping":null,"Ports":{"70/tcp":[{"HostIp":"0.0.0.0","HostPort":"49154"}],"80/tcp":[{"HostIp":"0.0.0.0","HostPort":"57122"}]}},"Path":"/bin/sh","ProcessLabel":"","ResolvConfPath":"/mnt/sda1/var/lib/docker/containers/6c67a9478ab2f04048f0477269509a93eea52d3fd5eede63af77f65961cf4364/resolv.conf","State":{"ExitCode":0,"FinishedAt":"0001-01-01T00:00:00Z","Paused":false,"Pid":4009,"Restarting":false,"Running":true,"StartedAt":"2015-02-18T04:48:15.801968205Z"},"Volumes":{},"VolumesRW":{}}
    http_version: 
  recorded_at: Wed, 18 Feb 2015 04:51:01 GMT
- request:
    method: post
    uri: "<DOCKER_HOST>/v1.15/containers/6c67a9478ab2f04048f0477269509a93eea52d3fd5eede63af77f65961cf4364/kill"
    body:
      encoding: US-ASCII
      string: ''
    headers:
      User-Agent:
      - Swipely/Docker-API 1.18.0
      Content-Type:
      - text/plain
  response:
    status:
      code: 204
      message: 
    headers:
      Date:
      - Wed, 18 Feb 2015 04:48:16 GMT
    body:
      encoding: UTF-8
      string: ''
    http_version: 
  recorded_at: Wed, 18 Feb 2015 04:51:01 GMT
- request:
    method: delete
    uri: "<DOCKER_HOST>/v1.15/containers/6c67a9478ab2f04048f0477269509a93eea52d3fd5eede63af77f65961cf4364"
    body:
      encoding: US-ASCII
      string: ''
    headers:
      User-Agent:
      - Swipely/Docker-API 1.18.0
      Content-Type:
      - text/plain
  response:
    status:
      code: 204
      message: 
    headers:
      Date:
      - Wed, 18 Feb 2015 04:48:16 GMT
    body:
      encoding: UTF-8
      string: ''
    http_version: 
  recorded_at: Wed, 18 Feb 2015 04:51:01 GMT
recorded_with: VCR 2.9.3
