---
http_interactions:
- request:
    method: post
    uri: "<DOCKER_HOST>/v1.16/images/create?fromImage=registry%3Alatest"
    body:
      encoding: US-ASCII
      string: ''
    headers:
      User-Agent:
      - Swipely/Docker-API 1.20.0
      Content-Type:
      - text/plain
  response:
    status:
      code: 200
      message: 
    headers:
      Content-Type:
      - application/json
      Date:
      - Mon, 06 Apr 2015 18:59:09 GMT
    body:
      encoding: UTF-8
      string: "{\"status\":\"Already exists\",\"progressDetail\":{},\"id\":\"511136ea3c5a\"}{\"status\":\"Already
        exists\",\"progressDetail\":{},\"id\":\"f3c84ac3a053\"}{\"status\":\"Already
        exists\",\"progressDetail\":{},\"id\":\"a1a958a24818\"}{\"status\":\"Already
        exists\",\"progressDetail\":{},\"id\":\"9fec74352904\"}{\"status\":\"Already
        exists\",\"progressDetail\":{},\"id\":\"d0955f21bf24\"}{\"status\":\"Already
        exists\",\"progressDetail\":{},\"id\":\"6cfde7386ab2\"}{\"status\":\"Already
        exists\",\"progressDetail\":{},\"id\":\"8a697f8b9aa2\"}{\"status\":\"Already
        exists\",\"progressDetail\":{},\"id\":\"fb7cb622f08e\"}{\"status\":\"Already
        exists\",\"progressDetail\":{},\"id\":\"1d43eeb3ac08\"}{\"status\":\"Already
        exists\",\"progressDetail\":{},\"id\":\"23914b8b19cb\"}{\"status\":\"Already
        exists\",\"progressDetail\":{},\"id\":\"40f1b3fd1314\"}{\"status\":\"Already
        exists\",\"progressDetail\":{},\"id\":\"f2cbd523792a\"}{\"status\":\"Already
        exists\",\"progressDetail\":{},\"id\":\"7ef7944696ed\"}{\"status\":\"Already
        exists\",\"progressDetail\":{},\"id\":\"1d404c90fe5f\"}{\"status\":\"Already
        exists\",\"progressDetail\":{},\"id\":\"59b1f7d49dc8\"}{\"status\":\"The image
        you are pulling has been verified. Important: image verification is a tech
        preview feature and should not be relied on to provide security.\",\"id\":\"registry:latest\"}\r\n{\"status\":\"Status:
        Image is up to date for registry:latest\"}\r\n"
    http_version: 
  recorded_at: Mon, 06 Apr 2015 18:59:08 GMT
- request:
    method: post
    uri: "<DOCKER_HOST>/v1.16/containers/create?name=registry"
    body:
      encoding: UTF-8
      string: '{"Image":"registry","Env":["GUNICORN_OPTS=[--preload]"],"ExposedPorts":{"5000/tcp":{}},"HostConfig":{"PortBindings":{"5000/tcp":[{"HostPort":"5000"}]}}}'
    headers:
      User-Agent:
      - Swipely/Docker-API 1.20.0
      Content-Type:
      - application/json
  response:
    status:
      code: 201
      message: 
    headers:
      Content-Type:
      - application/json
      Date:
      - Mon, 06 Apr 2015 18:59:09 GMT
      Content-Length:
      - '90'
    body:
      encoding: UTF-8
      string: |
        {"Id":"8838c42b181a6430e857087331e9deebf96d1e9f494059ba7c83795339198560","Warnings":null}
    http_version: 
  recorded_at: Mon, 06 Apr 2015 18:59:08 GMT
- request:
    method: post
    uri: "<DOCKER_HOST>/v1.16/containers/8838c42b181a6430e857087331e9deebf96d1e9f494059ba7c83795339198560/start"
    body:
      encoding: UTF-8
      string: "{}"
    headers:
      User-Agent:
      - Swipely/Docker-API 1.20.0
      Content-Type:
      - application/json
  response:
    status:
      code: 204
      message: 
    headers:
      Date:
      - Mon, 06 Apr 2015 18:59:10 GMT
    body:
      encoding: UTF-8
      string: ''
    http_version: 
  recorded_at: Mon, 06 Apr 2015 18:59:09 GMT
- request:
    method: post
    uri: "<DOCKER_HOST>/v1.16/images/create?fromSrc=-"
    body:
      encoding: US-ASCII
      string: ''
    headers:
      User-Agent:
      - Swipely/Docker-API 1.20.0
      Content-Type:
      - application/tar
      Transfer-Encoding:
      - chunked
  response:
    status:
      code: 200
      message: 
    headers:
      Content-Type:
      - application/json
      Date:
      - Mon, 06 Apr 2015 18:59:10 GMT
    body:
      encoding: UTF-8
      string: "{\"status\":\"f8f6a1ede7310f1a2f8321359cbb49cf45cc69a37a2761a8bead2c50bb016230\"}\r\n"
    http_version: 
  recorded_at: Mon, 06 Apr 2015 18:59:09 GMT
- request:
    method: post
    uri: "<DOCKER_HOST>/v1.16/images/f8f6a1ede7310f1a2f8321359cbb49cf45cc69a37a2761a8bead2c50bb016230/tag?repo=192.168.59.104%3A5000%2Ftest%2Fpush-me&tag=1.2.3"
    body:
      encoding: US-ASCII
      string: ''
    headers:
      User-Agent:
      - Swipely/Docker-API 1.20.0
      Content-Type:
      - text/plain
  response:
    status:
      code: 201
      message: 
    headers:
      Date:
      - Mon, 06 Apr 2015 18:59:10 GMT
      Content-Length:
      - '0'
      Content-Type:
      - text/plain; charset=utf-8
    body:
      encoding: UTF-8
      string: ''
    http_version: 
  recorded_at: Mon, 06 Apr 2015 18:59:09 GMT
- request:
    method: get
    uri: "<DOCKER_HOST>/v1.16/images/192.168.59.104:5000/test/push-me:1.2.3/json"
    body:
      encoding: US-ASCII
      string: ''
    headers:
      User-Agent:
      - Swipely/Docker-API 1.20.0
      Content-Type:
      - text/plain
  response:
    status:
      code: 200
      message: 
    headers:
      Content-Type:
      - application/json
      Date:
      - Mon, 06 Apr 2015 18:59:11 GMT
      Content-Length:
      - '679'
    body:
      encoding: UTF-8
      string: |
        {"Architecture":"amd64","Author":"","Comment":"Imported from -","Config":null,"Container":"","ContainerConfig":{"AttachStderr":false,"AttachStdin":false,"AttachStdout":false,"Cmd":null,"CpuShares":0,"Cpuset":"","Domainname":"","Entrypoint":null,"Env":null,"ExposedPorts":null,"Hostname":"","Image":"","MacAddress":"","Memory":0,"MemorySwap":0,"NetworkDisabled":false,"OnBuild":null,"OpenStdin":false,"PortSpecs":null,"StdinOnce":false,"Tty":false,"User":"","Volumes":null,"WorkingDir":""},"Created":"2015-04-06T18:59:10.251526002Z","DockerVersion":"1.5.0","Id":"f8f6a1ede7310f1a2f8321359cbb49cf45cc69a37a2761a8bead2c50bb016230","Os":"linux","Parent":"","Size":0,"VirtualSize":0}
    http_version: 
  recorded_at: Mon, 06 Apr 2015 18:59:10 GMT
- request:
    method: get
    uri: "<DOCKER_HOST>/v1.16/images/json?all=true"
    body:
      encoding: US-ASCII
      string: ''
    headers:
      User-Agent:
      - Swipely/Docker-API 1.20.0
      Content-Type:
      - text/plain
  response:
    status:
      code: 200
      message: 
    headers:
      Content-Type:
      - application/json
      Date:
      - Mon, 06 Apr 2015 18:59:11 GMT
    body:
      encoding: UTF-8
      string: |-
        [{"Created":1428346750,"Id":"f8f6a1ede7310f1a2f8321359cbb49cf45cc69a37a2761a8bead2c50bb016230","ParentId":"","RepoTags":["192.168.59.104:5000/test/push-me:1.2.3"],"Size":0,"VirtualSize":0}
        ,{"Created":1428346730,"Id":"295209ded430eb021c525dd2d48e504a1c0029ce0d9e2b518bdd6a561cb59a80","ParentId":"5fbce35eb33780adf252ee2f87b7156660fdb5c7ca54a0fb4e262a87447cceeb","RepoTags":["\u003cnone\u003e:\u003cnone\u003e"],"Size":0,"VirtualSize":125}
        ,{"Created":1428346726,"Id":"e028977a2b365dc617611d7652b70ac1f4c80a23aeff5ae5cebcafd2e39fcc4f","ParentId":"5fbce35eb33780adf252ee2f87b7156660fdb5c7ca54a0fb4e262a87447cceeb","RepoTags":["\u003cnone\u003e:\u003cnone\u003e"],"Size":0,"VirtualSize":125}
        ,{"Created":1428342758,"Id":"314c4be582f40c85ad91337de1494ed287025474549a55a740e3ff6a68c9885f","ParentId":"5fbce35eb33780adf252ee2f87b7156660fdb5c7ca54a0fb4e262a87447cceeb","RepoTags":["\u003cnone\u003e:\u003cnone\u003e"],"Size":0,"VirtualSize":125}
        ,{"Created":1428342754,"Id":"f47c3e633a8114491cbfd1f7315837657a06c01e16c9466d6eb258f4c771b40e","ParentId":"5fbce35eb33780adf252ee2f87b7156660fdb5c7ca54a0fb4e262a87447cceeb","RepoTags":["\u003cnone\u003e:\u003cnone\u003e"],"Size":0,"VirtualSize":125}
        ,{"Created":1428342463,"Id":"967ff830318316d7218c38d59837bf2b37dd58af9467f48df5505c675b8cf001","ParentId":"5fbce35eb33780adf252ee2f87b7156660fdb5c7ca54a0fb4e262a87447cceeb","RepoTags":["\u003cnone\u003e:\u003cnone\u003e"],"Size":0,"VirtualSize":125}
        ,{"Created":1428341518,"Id":"5833b7676519602ddc91918fc5a3a36880a03bb7ba44eab71615fa2e8b682ade","ParentId":"5fbce35eb33780adf252ee2f87b7156660fdb5c7ca54a0fb4e262a87447cceeb","RepoTags":["\u003cnone\u003e:\u003cnone\u003e"],"Size":0,"VirtualSize":125}
        ,{"Created":1428341440,"Id":"02106fa2a68fa31b891d4d2146e9dcd550f20a0203fe888524d83e64f06462fc","ParentId":"5fbce35eb33780adf252ee2f87b7156660fdb5c7ca54a0fb4e262a87447cceeb","RepoTags":["\u003cnone\u003e:\u003cnone\u003e"],"Size":0,"VirtualSize":125}
        ,{"Created":1428341437,"Id":"0cf44368ca503a91f72949ed8269ff3045672732be5493b68052fbde40ae54d2","ParentId":"5fbce35eb33780adf252ee2f87b7156660fdb5c7ca54a0fb4e262a87447cceeb","RepoTags":["\u003cnone\u003e:\u003cnone\u003e"],"Size":0,"VirtualSize":125}
        ,{"Created":1428341361,"Id":"50acf3b986f9e1f03394cc2289fe07871acc3f71c7bd3b545d93831c25d0fac5","ParentId":"5fbce35eb33780adf252ee2f87b7156660fdb5c7ca54a0fb4e262a87447cceeb","RepoTags":["\u003cnone\u003e:\u003cnone\u003e"],"Size":0,"VirtualSize":125}
        ,{"Created":1428341279,"Id":"2d00a0cf3cc53722df9a2f8c555ea045257dc075d5d5e9659d5404f4a7f937ca","ParentId":"5fbce35eb33780adf252ee2f87b7156660fdb5c7ca54a0fb4e262a87447cceeb","RepoTags":["\u003cnone\u003e:\u003cnone\u003e"],"Size":0,"VirtualSize":125}
        ,{"Created":1428341276,"Id":"7171f0894ecd12a57c8e0eb0dbae0dfb371b6fa8d4e2a34f31808d50dbf035ff","ParentId":"5fbce35eb33780adf252ee2f87b7156660fdb5c7ca54a0fb4e262a87447cceeb","RepoTags":["\u003cnone\u003e:\u003cnone\u003e"],"Size":0,"VirtualSize":125}
        ,{"Created":1428341192,"Id":"9499a6bd108e148e9d7ad8aa14ef57651aac5572bb7301476ecdc9cc3aa07c0c","ParentId":"5fbce35eb33780adf252ee2f87b7156660fdb5c7ca54a0fb4e262a87447cceeb","RepoTags":["\u003cnone\u003e:\u003cnone\u003e"],"Size":0,"VirtualSize":125}
        ,{"Created":1428341190,"Id":"e4124d6905bdaee1f6334c729f2e3d58085fbdbfb76cb2a4ffeb4a68db01beae","ParentId":"5fbce35eb33780adf252ee2f87b7156660fdb5c7ca54a0fb4e262a87447cceeb","RepoTags":["\u003cnone\u003e:\u003cnone\u003e"],"Size":0,"VirtualSize":125}
        ,{"Created":1428093487,"Id":"b6a48b4a8678d65e21b91aa67dfe536631b7dc6d5b1b69e8028e95aba4bdee3e","ParentId":"5fbce35eb33780adf252ee2f87b7156660fdb5c7ca54a0fb4e262a87447cceeb","RepoTags":["\u003cnone\u003e:\u003cnone\u003e"],"Size":0,"VirtualSize":125}
        ,{"Created":1428093407,"Id":"9c19d5a185d1fa38c66d2b75c0942a31c619c74ae504b7bd59612eb3f0f6945c","ParentId":"5fbce35eb33780adf252ee2f87b7156660fdb5c7ca54a0fb4e262a87447cceeb","RepoTags":["\u003cnone\u003e:\u003cnone\u003e"],"Size":0,"VirtualSize":125}
        ,{"Created":1428093406,"Id":"28b40d8c9b816d6bc741726dd3d79f1b69e00024d04fa3cbd640b297aca03dc0","ParentId":"5fbce35eb33780adf252ee2f87b7156660fdb5c7ca54a0fb4e262a87447cceeb","RepoTags":["\u003cnone\u003e:\u003cnone\u003e"],"Size":0,"VirtualSize":125}
        ,{"Created":1428093403,"Id":"d18212d217b70668c31403d166216cc1ab52716c12be70656ce5e47e86925d7d","ParentId":"5fbce35eb33780adf252ee2f87b7156660fdb5c7ca54a0fb4e262a87447cceeb","RepoTags":["\u003cnone\u003e:\u003cnone\u003e"],"Size":0,"VirtualSize":125}
        ,{"Created":1428091198,"Id":"2d2d4bdfdbf8a3e8d40d25c0f1014f6a499d443b0a128e75be30c340aff82296","ParentId":"5fbce35eb33780adf252ee2f87b7156660fdb5c7ca54a0fb4e262a87447cceeb","RepoTags":["\u003cnone\u003e:\u003cnone\u003e"],"Size":0,"VirtualSize":125}
        ,{"Created":1428091192,"Id":"388a2a6fd8e0157d62d188d9fb31b27867316ac831cfede64f6a02cc2d31e41f","ParentId":"5fbce35eb33780adf252ee2f87b7156660fdb5c7ca54a0fb4e262a87447cceeb","RepoTags":["\u003cnone\u003e:\u003cnone\u003e"],"Size":0,"VirtualSize":125}
        ,{"Created":1428090957,"Id":"21667974f71b4d4fefae12aeaf700c7110474be1ddd676963bf013650e6af0d4","ParentId":"5fbce35eb33780adf252ee2f87b7156660fdb5c7ca54a0fb4e262a87447cceeb","RepoTags":["\u003cnone\u003e:\u003cnone\u003e"],"Size":0,"VirtualSize":125}
        ,{"Created":1428090954,"Id":"3ac1d57124f3e827955b7823e5c80325b3ab7b5d0bd612162468a2b026f6df6e","ParentId":"5fbce35eb33780adf252ee2f87b7156660fdb5c7ca54a0fb4e262a87447cceeb","RepoTags":["\u003cnone\u003e:\u003cnone\u003e"],"Size":0,"VirtualSize":125}
        ,{"Created":1427773207,"Id":"59b1f7d49dc843631b9be86f581f9c8a726f7cea8a5c37e648c822e40e440633","ParentId":"1d404c90fe5fd48820d60ebb5b281786a8bc7e37d743082f4c1d1d081d6a7757","RepoTags":["registry:latest"],"Size":0,"VirtualSize":413632105}
        ,{"Created":1427773205,"Id":"1d404c90fe5fd48820d60ebb5b281786a8bc7e37d743082f4c1d1d081d6a7757","ParentId":"7ef7944696ed3c18a862655426babfaa69d1c0ec813d2bcb513e2c6fff7fa007","RepoTags":["\u003cnone\u003e:\u003cnone\u003e"],"Size":0,"VirtualSize":413632105}
        ,{"Created":1427773202,"Id":"7ef7944696ed3c18a862655426babfaa69d1c0ec813d2bcb513e2c6fff7fa007","ParentId":"f2cbd523792ab49ecc13277bc493e10a59c168477105a466693c0ee4bbc0718a","RepoTags":["\u003cnone\u003e:\u003cnone\u003e"],"Size":0,"VirtualSize":413632105}
        ,{"Created":1427773200,"Id":"f2cbd523792ab49ecc13277bc493e10a59c168477105a466693c0ee4bbc0718a","ParentId":"40f1b3fd1314bc6c94f388e10b3d571f0d8fb085b4f634ba599c022d2ec0c9f0","RepoTags":["\u003cnone\u003e:\u003cnone\u003e"],"Size":0,"VirtualSize":413632105}
        ,{"Created":1427773198,"Id":"40f1b3fd1314bc6c94f388e10b3d571f0d8fb085b4f634ba599c022d2ec0c9f0","ParentId":"23914b8b19cb21ca282cb8d904f8b01efc751adf5a8e1cd1271256b27a55b72c","RepoTags":["\u003cnone\u003e:\u003cnone\u003e"],"Size":50796,"VirtualSize":413632105}
        ,{"Created":1427773195,"Id":"23914b8b19cb21ca282cb8d904f8b01efc751adf5a8e1cd1271256b27a55b72c","ParentId":"1d43eeb3ac08d4c9d72942a5d5be7caaba3f268d4f80a8a7403dfc567a6509f0","RepoTags":["\u003cnone\u003e:\u003cnone\u003e"],"Size":24799465,"VirtualSize":413581309}
        ,{"Created":1427773086,"Id":"1d43eeb3ac08d4c9d72942a5d5be7caaba3f268d4f80a8a7403dfc567a6509f0","ParentId":"fb7cb622f08e16f70da70cc03dba4a5d6c8e2d9cb8a8bfa64afc22deb843c0fb","RepoTags":["\u003cnone\u003e:\u003cnone\u003e"],"Size":11550557,"VirtualSize":388781844}
        ,{"Created":1427773079,"Id":"fb7cb622f08e16f70da70cc03dba4a5d6c8e2d9cb8a8bfa64afc22deb843c0fb","ParentId":"8a697f8b9aa2557d26632ac74f34630c8e96b5cfad0fbbd585d49a0e30408af8","RepoTags":["\u003cnone\u003e:\u003cnone\u003e"],"Size":73,"VirtualSize":377231287}
        ,{"Created":1427773076,"Id":"8a697f8b9aa2557d26632ac74f34630c8e96b5cfad0fbbd585d49a0e30408af8","ParentId":"6cfde7386ab27df00d2fc420302a41c345a8dcf265bd45a46f6da14546a3cbb8","RepoTags":["\u003cnone\u003e:\u003cnone\u003e"],"Size":2431934,"VirtualSize":377231214}
        ,{"Created":1426889526,"Id":"6cfde7386ab27df00d2fc420302a41c345a8dcf265bd45a46f6da14546a3cbb8","ParentId":"d0955f21bf24f5bfffd32d2d0bb669d0564701c271bc3dfc64cfc5adfdec2d07","RepoTags":["\u003cnone\u003e:\u003cnone\u003e"],"Size":186498724,"VirtualSize":374799280}
        ,{"Created":1426832207,"Id":"d0955f21bf24f5bfffd32d2d0bb669d0564701c271bc3dfc64cfc5adfdec2d07","ParentId":"9fec74352904baf5ab5237caa39a84b0af5c593dc7cc08839e2ba65193024507","RepoTags":["\u003cnone\u003e:\u003cnone\u003e"],"Size":0,"VirtualSize":188300556}
        ,{"Created":1426832203,"Id":"9fec74352904baf5ab5237caa39a84b0af5c593dc7cc08839e2ba65193024507","ParentId":"a1a958a248181c9aa6413848cd67646e5afb9797f1a3da5995c7a636f050f537","RepoTags":["\u003cnone\u003e:\u003cnone\u003e"],"Size":1895,"VirtualSize":188300556}
        ,{"Created":1426832198,"Id":"a1a958a248181c9aa6413848cd67646e5afb9797f1a3da5995c7a636f050f537","ParentId":"f3c84ac3a0533f691c9fea4cc2ceaaf43baec22bf8d6a479e069f6d814be9b86","RepoTags":["\u003cnone\u003e:\u003cnone\u003e"],"Size":194533,"VirtualSize":188298661}
        ,{"Created":1426832190,"Id":"f3c84ac3a0533f691c9fea4cc2ceaaf43baec22bf8d6a479e069f6d814be9b86","ParentId":"511136ea3c5a64f264b78b5433614aec563103b4d4702f3ba7d4d2698e22c158","RepoTags":["\u003cnone\u003e:\u003cnone\u003e"],"Size":188104128,"VirtualSize":188104128}
        ,{"Created":1423573573,"Id":"bf0f8a45f956aa470ab3c916c83925fdcffce23d37b1a9e33998561ce54ca030","ParentId":"c507982f836db18913f4a5c7c7a174617c40da13cb0797cf4481220b906f59ff","RepoTags":["hawknewton/log-test:0.0.1"],"Size":0,"VirtualSize":117030274}
        ,{"Created":1423573572,"Id":"c507982f836db18913f4a5c7c7a174617c40da13cb0797cf4481220b906f59ff","ParentId":"76ca2fd907879906ba5c936738ccce0b577590040ac8d288f07afb3d34ae8b03","RepoTags":["\u003cnone\u003e:\u003cnone\u003e"],"Size":113,"VirtualSize":117030274}
        ,{"Created":1422470398,"Id":"76ca2fd907879906ba5c936738ccce0b577590040ac8d288f07afb3d34ae8b03","ParentId":"100a1992ec48bfdaba03509a9d7996ed3106055f01512474eb6371f5ecac8b68","RepoTags":["\u003cnone\u003e:\u003cnone\u003e"],"Size":0,"VirtualSize":117030161}
        ,{"Created":1422470391,"Id":"100a1992ec48bfdaba03509a9d7996ed3106055f01512474eb6371f5ecac8b68","ParentId":"d96760d4a0ed439104425133cd6387dd41ce57a972553dfa83cf0861ee064a9d","RepoTags":["\u003cnone\u003e:\u003cnone\u003e"],"Size":1879,"VirtualSize":117030161}
        ,{"Created":1422470381,"Id":"d96760d4a0ed439104425133cd6387dd41ce57a972553dfa83cf0861ee064a9d","ParentId":"ac5159eeb0a3662f344fb31b458887044cabc8528e5e0b6d916ccee890abe72e","RepoTags":["\u003cnone\u003e:\u003cnone\u003e"],"Size":214981,"VirtualSize":117028282}
        ,{"Created":1422470368,"Id":"ac5159eeb0a3662f344fb31b458887044cabc8528e5e0b6d916ccee890abe72e","ParentId":"511136ea3c5a64f264b78b5433614aec563103b4d4702f3ba7d4d2698e22c158","RepoTags":["\u003cnone\u003e:\u003cnone\u003e"],"Size":116813301,"VirtualSize":116813301}
        ,{"Created":1420897378,"Id":"5fbce35eb33780adf252ee2f87b7156660fdb5c7ca54a0fb4e262a87447cceeb","ParentId":"c0d55928342254f4d19858c0b9ef3991e22ee7d5c2e8f4a0239a398e4b4e657f","RepoTags":["hawknewton/true:0.0.1","hawknewton/true:latest","test/tag:1.2.3"],"Size":0,"VirtualSize":125}
        ,{"Created":1420897378,"Id":"c0d55928342254f4d19858c0b9ef3991e22ee7d5c2e8f4a0239a398e4b4e657f","ParentId":"511136ea3c5a64f264b78b5433614aec563103b4d4702f3ba7d4d2698e22c158","RepoTags":["\u003cnone\u003e:\u003cnone\u003e"],"Size":125,"VirtualSize":125}
        ,{"Created":1414094442,"Id":"b9c5be3a918d80b0d898ed8eca3fc76f75c482b531238e539cb00f75bb4e12d2","ParentId":"4929b61a5fda27a07a26efc94ad61504c0f4aa2fb50471bfa4fd61c656d42131","RepoTags":["hawknewton/show-env:0.0.1","hawknewton/show-env:latest"],"Size":0,"VirtualSize":801041825}
        ,{"Created":1414094441,"Id":"b020883398e688aa4b142bda22696584e3e59f74322db5516780ceb9c36f3e8b","ParentId":"c18ee8e5eefa490253f2b261cb1e8841b7c9306f3d5b735fc1192dbbcb51caf7","RepoTags":["\u003cnone\u003e:\u003cnone\u003e"],"Size":40159,"VirtualSize":801041825}
        ,{"Created":1414094441,"Id":"4929b61a5fda27a07a26efc94ad61504c0f4aa2fb50471bfa4fd61c656d42131","ParentId":"b020883398e688aa4b142bda22696584e3e59f74322db5516780ceb9c36f3e8b","RepoTags":["\u003cnone\u003e:\u003cnone\u003e"],"Size":0,"VirtualSize":801041825}
        ,{"Created":1413843388,"Id":"30c479473225225d0b6da53390cc32f5e7adafde604e69710194dbaaef16df9d","ParentId":"a490c0bc4c17e72be77abbb8bde7b39f82dd8d6d5175d0033c7cc83c988ddfb8","RepoTags":["\u003cnone\u003e:\u003cnone\u003e"],"Size":0,"VirtualSize":801001666}
        ,{"Created":1413843388,"Id":"a490c0bc4c17e72be77abbb8bde7b39f82dd8d6d5175d0033c7cc83c988ddfb8","ParentId":"4e2f12b9e2460b6538505ab5002ab18dd2eaec6b1c78d531b9845b1048ace417","RepoTags":["\u003cnone\u003e:\u003cnone\u003e"],"Size":3957733,"VirtualSize":801001666}
        ,{"Created":1413843388,"Id":"c18ee8e5eefa490253f2b261cb1e8841b7c9306f3d5b735fc1192dbbcb51caf7","ParentId":"30c479473225225d0b6da53390cc32f5e7adafde604e69710194dbaaef16df9d","RepoTags":["\u003cnone\u003e:\u003cnone\u003e"],"Size":0,"VirtualSize":801001666}
        ,{"Created":1413843381,"Id":"4e2f12b9e2460b6538505ab5002ab18dd2eaec6b1c78d531b9845b1048ace417","ParentId":"aa82a409e225dba4257f3e72814d417e05fbd86544904a1ae4c2c00f24ce35fc","RepoTags":["\u003cnone\u003e:\u003cnone\u003e"],"Size":0,"VirtualSize":797043933}
        ,{"Created":1413843381,"Id":"aa82a409e225dba4257f3e72814d417e05fbd86544904a1ae4c2c00f24ce35fc","ParentId":"fd3901892100907b06fc49223e42df5b3fde62bbe5073bb07c3d3b169d884b28","RepoTags":["\u003cnone\u003e:\u003cnone\u003e"],"Size":0,"VirtualSize":797043933}
        ,{"Created":1413843381,"Id":"fd3901892100907b06fc49223e42df5b3fde62bbe5073bb07c3d3b169d884b28","ParentId":"4164e85056797ab350cc5de90e84f48f257c95c15c0d0ea3d7f08bae82f66379","RepoTags":["\u003cnone\u003e:\u003cnone\u003e"],"Size":23,"VirtualSize":797043933}
        ,{"Created":1412819608,"Id":"4164e85056797ab350cc5de90e84f48f257c95c15c0d0ea3d7f08bae82f66379","ParentId":"49d1d522cd44ba8f1db1a1ca5129d6ecaa9528afb86f4c3236a370f6d63d2dc4","RepoTags":["\u003cnone\u003e:\u003cnone\u003e"],"Size":98431386,"VirtualSize":797043910}
        ,{"Created":1412819306,"Id":"49d1d522cd44ba8f1db1a1ca5129d6ecaa9528afb86f4c3236a370f6d63d2dc4","ParentId":"4641ba92cd87925f11e4ec979e43e8ea77aa2a3fe7b62fafdd5ff2d61e37e532","RepoTags":["\u003cnone\u003e:\u003cnone\u003e"],"Size":0,"VirtualSize":698612524}
        ,{"Created":1412819306,"Id":"4641ba92cd87925f11e4ec979e43e8ea77aa2a3fe7b62fafdd5ff2d61e37e532","ParentId":"eac5dcb909748ce68df211a443145fa36e52c4de57419b3330cb50346b42cc88","RepoTags":["\u003cnone\u003e:\u003cnone\u003e"],"Size":0,"VirtualSize":698612524}
        ,{"Created":1412818980,"Id":"eac5dcb909748ce68df211a443145fa36e52c4de57419b3330cb50346b42cc88","ParentId":"7d2b41d8b63481696f0feddc568379f9263ed0be30ed0c944afaefd3ce7946b4","RepoTags":["\u003cnone\u003e:\u003cnone\u003e"],"Size":1442958,"VirtualSize":698612524}
        ,{"Created":1412800918,"Id":"7d2b41d8b63481696f0feddc568379f9263ed0be30ed0c944afaefd3ce7946b4","ParentId":"71e62a8beff35bb692f64fb2e04bf1d6d19f5262500ad05dd95b1a95dcb5599d","RepoTags":["\u003cnone\u003e:\u003cnone\u003e"],"Size":115429837,"VirtualSize":697169566}
        ,{"Created":1412800824,"Id":"71e62a8beff35bb692f64fb2e04bf1d6d19f5262500ad05dd95b1a95dcb5599d","ParentId":"53f380325ee97bd72fc8c5d9da68bdd0b6ec904e2619e3c22739d026786309d6","RepoTags":["\u003cnone\u003e:\u003cnone\u003e"],"Size":461720194,"VirtualSize":581739729}
        ,{"Created":1412792900,"Id":"53f380325ee97bd72fc8c5d9da68bdd0b6ec904e2619e3c22739d026786309d6","ParentId":"50215b109eda706ddb643cdfaa92b898e76ddc6a9f08c3ac93f179946471c199","RepoTags":["\u003cnone\u003e:\u003cnone\u003e"],"Size":0,"VirtualSize":120019535}
        ,{"Created":1412792897,"Id":"50215b109eda706ddb643cdfaa92b898e76ddc6a9f08c3ac93f179946471c199","ParentId":"511136ea3c5a64f264b78b5433614aec563103b4d4702f3ba7d4d2698e22c158","RepoTags":["\u003cnone\u003e:\u003cnone\u003e"],"Size":120019535,"VirtualSize":120019535}
        ,{"Created":1371157430,"Id":"511136ea3c5a64f264b78b5433614aec563103b4d4702f3ba7d4d2698e22c158","ParentId":"","RepoTags":["\u003cnone\u003e:\u003cnone\u003e"],"Size":0,"VirtualSize":0}
        ]
    http_version: 
  recorded_at: Mon, 06 Apr 2015 18:59:10 GMT
- request:
    method: get
    uri: "<DOCKER_HOST>/v1.16/images/f8f6a1ede7310f1a2f8321359cbb49cf45cc69a37a2761a8bead2c50bb016230/json"
    body:
      encoding: US-ASCII
      string: ''
    headers:
      User-Agent:
      - Swipely/Docker-API 1.20.0
      Content-Type:
      - text/plain
  response:
    status:
      code: 200
      message: 
    headers:
      Content-Type:
      - application/json
      Date:
      - Mon, 06 Apr 2015 18:59:11 GMT
      Content-Length:
      - '679'
    body:
      encoding: UTF-8
      string: |
        {"Architecture":"amd64","Author":"","Comment":"Imported from -","Config":null,"Container":"","ContainerConfig":{"AttachStderr":false,"AttachStdin":false,"AttachStdout":false,"Cmd":null,"CpuShares":0,"Cpuset":"","Domainname":"","Entrypoint":null,"Env":null,"ExposedPorts":null,"Hostname":"","Image":"","MacAddress":"","Memory":0,"MemorySwap":0,"NetworkDisabled":false,"OnBuild":null,"OpenStdin":false,"PortSpecs":null,"StdinOnce":false,"Tty":false,"User":"","Volumes":null,"WorkingDir":""},"Created":"2015-04-06T18:59:10.251526002Z","DockerVersion":"1.5.0","Id":"f8f6a1ede7310f1a2f8321359cbb49cf45cc69a37a2761a8bead2c50bb016230","Os":"linux","Parent":"","Size":0,"VirtualSize":0}
    http_version: 
  recorded_at: Mon, 06 Apr 2015 18:59:10 GMT
- request:
    method: post
    uri: "<DOCKER_HOST>/v1.16/images/192.168.59.104:5000/test/push-me/push?tag=1.2.3"
    body:
      encoding: US-ASCII
      string: ''
    headers:
      User-Agent:
      - Swipely/Docker-API 1.20.0
      Content-Type:
      - text/plain
      X-Registry-Auth:
      - e30=
  response:
    status:
      code: 200
      message: 
    headers:
      Content-Type:
      - application/json
      Date:
      - Mon, 06 Apr 2015 18:59:15 GMT
    body:
      encoding: UTF-8
      string: "{\"status\":\"The push refers to a repository [192.168.59.104:5000/test/push-me]
        (len: 1)\"}\r\n{\"status\":\"Sending image list\"}\r\n{\"status\":\"Pushing
        repository 192.168.59.104:5000/test/push-me (1 tags)\"}\r\n{\"status\":\"Pushing\",\"progressDetail\":{},\"id\":\"f8f6a1ede731\"}{\"status\":\"Buffering
        to disk\",\"progressDetail\":{\"current\":1536,\"start\":1428346755},\"progress\":\"1.536
        kB\",\"id\":\"f8f6a1ede731\"}{\"status\":\"Buffering to disk\",\"progressDetail\":{\"start\":1428346755},\"id\":\"f8f6a1ede731\"}{\"status\":\"Pushing\",\"progressDetail\":{\"current\":512,\"total\":1536,\"start\":1428346755},\"progress\":\"[================\\u003e
        \                                 ]    512 B/1.536 kB 1s\",\"id\":\"f8f6a1ede731\"}{\"status\":\"Pushing\",\"progressDetail\":{\"current\":1024,\"total\":1536,\"start\":1428346755},\"progress\":\"[=================================\\u003e
        \                ] 1.024 kB/1.536 kB 0\",\"id\":\"f8f6a1ede731\"}{\"status\":\"Pushing\",\"progressDetail\":{\"current\":1536,\"total\":1536,\"start\":1428346755},\"progress\":\"[==================================================\\u003e]
        1.536 kB/1.536 kB\",\"id\":\"f8f6a1ede731\"}{\"status\":\"Pushing\",\"progressDetail\":{\"current\":1536,\"total\":1536,\"start\":1428346755},\"progress\":\"[==================================================\\u003e]
        1.536 kB/1.536 kB\",\"id\":\"f8f6a1ede731\"}{\"status\":\"Image successfully
        pushed\",\"progressDetail\":{},\"id\":\"f8f6a1ede731\"}{\"status\":\"Pushing
        tag for rev [f8f6a1ede731] on {http://192.168.59.104:5000/v1/repositories/test/push-me/tags/1.2.3}\"}\r\n"
    http_version: 
  recorded_at: Mon, 06 Apr 2015 18:59:14 GMT
- request:
    method: get
    uri: "<DOCKER_HOST>/v1.16/images/192.168.59.104:5000/test/push-me:1.2.3/json"
    body:
      encoding: US-ASCII
      string: ''
    headers:
      User-Agent:
      - Swipely/Docker-API 1.20.0
      Content-Type:
      - text/plain
  response:
    status:
      code: 200
      message: 
    headers:
      Content-Type:
      - application/json
      Date:
      - Mon, 06 Apr 2015 18:59:15 GMT
      Content-Length:
      - '679'
    body:
      encoding: UTF-8
      string: |
        {"Architecture":"amd64","Author":"","Comment":"Imported from -","Config":null,"Container":"","ContainerConfig":{"AttachStderr":false,"AttachStdin":false,"AttachStdout":false,"Cmd":null,"CpuShares":0,"Cpuset":"","Domainname":"","Entrypoint":null,"Env":null,"ExposedPorts":null,"Hostname":"","Image":"","MacAddress":"","Memory":0,"MemorySwap":0,"NetworkDisabled":false,"OnBuild":null,"OpenStdin":false,"PortSpecs":null,"StdinOnce":false,"Tty":false,"User":"","Volumes":null,"WorkingDir":""},"Created":"2015-04-06T18:59:10.251526002Z","DockerVersion":"1.5.0","Id":"f8f6a1ede7310f1a2f8321359cbb49cf45cc69a37a2761a8bead2c50bb016230","Os":"linux","Parent":"","Size":0,"VirtualSize":0}
    http_version: 
  recorded_at: Mon, 06 Apr 2015 18:59:14 GMT
- request:
    method: delete
    uri: "<DOCKER_HOST>/v1.16/images/f8f6a1ede7310f1a2f8321359cbb49cf45cc69a37a2761a8bead2c50bb016230?force=true"
    body:
      encoding: US-ASCII
      string: ''
    headers:
      User-Agent:
      - Swipely/Docker-API 1.20.0
      Content-Type:
      - text/plain
  response:
    status:
      code: 200
      message: 
    headers:
      Content-Type:
      - application/json
      Date:
      - Mon, 06 Apr 2015 18:59:15 GMT
      Content-Length:
      - '136'
    body:
      encoding: UTF-8
      string: |-
        [{"Untagged":"192.168.59.104:5000/test/push-me:1.2.3"}
        ,{"Deleted":"f8f6a1ede7310f1a2f8321359cbb49cf45cc69a37a2761a8bead2c50bb016230"}
        ]
    http_version: 
  recorded_at: Mon, 06 Apr 2015 18:59:14 GMT
- request:
    method: post
    uri: "<DOCKER_HOST>/v1.16/images/create?fromImage=192.168.59.104%3A5000%2Ftest%2Fpush-me%3A1.2.3"
    body:
      encoding: US-ASCII
      string: ''
    headers:
      User-Agent:
      - Swipely/Docker-API 1.20.0
      Content-Type:
      - text/plain
  response:
    status:
      code: 200
      message: 
    headers:
      Content-Type:
      - application/json
      Date:
      - Mon, 06 Apr 2015 18:59:19 GMT
    body:
      encoding: UTF-8
      string: "{\"status\":\"Pulling repository 192.168.59.104:5000/test/push-me\"}\r\n{\"status\":\"Pulling
        image (1.2.3) from 192.168.59.104:5000/test/push-me\",\"progressDetail\":{},\"id\":\"f8f6a1ede731\"}{\"status\":\"Pulling
        image (1.2.3) from 192.168.59.104:5000/test/push-me, endpoint: http://192.168.59.104:5000/v1/\",\"progressDetail\":{},\"id\":\"f8f6a1ede731\"}{\"status\":\"Pulling
        dependent layers\",\"progressDetail\":{},\"id\":\"f8f6a1ede731\"}{\"status\":\"Pulling
        metadata\",\"progressDetail\":{},\"id\":\"f8f6a1ede731\"}{\"status\":\"Pulling
        fs layer\",\"progressDetail\":{},\"id\":\"f8f6a1ede731\"}{\"status\":\"Downloading\",\"progressDetail\":{\"current\":107,\"total\":107,\"start\":1428346759},\"progress\":\"[==================================================\\u003e]
        \   107 B/107 B\",\"id\":\"f8f6a1ede731\"}{\"status\":\"Download complete\",\"progressDetail\":{},\"id\":\"f8f6a1ede731\"}{\"status\":\"Download
        complete\",\"progressDetail\":{},\"id\":\"f8f6a1ede731\"}{\"status\":\"Status:
        Downloaded newer image for 192.168.59.104:5000/test/push-me:1.2.3\"}\r\n"
    http_version: 
  recorded_at: Mon, 06 Apr 2015 18:59:18 GMT
- request:
    method: post
    uri: "<DOCKER_HOST>/v1.16/containers/8838c42b181a6430e857087331e9deebf96d1e9f494059ba7c83795339198560/kill"
    body:
      encoding: US-ASCII
      string: ''
    headers:
      User-Agent:
      - Swipely/Docker-API 1.20.0
      Content-Type:
      - text/plain
  response:
    status:
      code: 204
      message: 
    headers:
      Date:
      - Mon, 06 Apr 2015 18:59:20 GMT
    body:
      encoding: UTF-8
      string: ''
    http_version: 
  recorded_at: Mon, 06 Apr 2015 18:59:19 GMT
- request:
    method: delete
    uri: "<DOCKER_HOST>/v1.16/containers/8838c42b181a6430e857087331e9deebf96d1e9f494059ba7c83795339198560"
    body:
      encoding: US-ASCII
      string: ''
    headers:
      User-Agent:
      - Swipely/Docker-API 1.20.0
      Content-Type:
      - text/plain
  response:
    status:
      code: 204
      message: 
    headers:
      Date:
      - Mon, 06 Apr 2015 18:59:20 GMT
    body:
      encoding: UTF-8
      string: ''
    http_version: 
  recorded_at: Mon, 06 Apr 2015 18:59:19 GMT
- request:
    method: delete
    uri: "<DOCKER_HOST>/v1.16/images/f8f6a1ede7310f1a2f8321359cbb49cf45cc69a37a2761a8bead2c50bb016230?force=true"
    body:
      encoding: US-ASCII
      string: ''
    headers:
      User-Agent:
      - Swipely/Docker-API 1.20.0
      Content-Type:
      - text/plain
  response:
    status:
      code: 200
      message: 
    headers:
      Content-Type:
      - application/json
      Date:
      - Mon, 06 Apr 2015 18:59:20 GMT
      Content-Length:
      - '136'
    body:
      encoding: UTF-8
      string: |-
        [{"Untagged":"192.168.59.104:5000/test/push-me:1.2.3"}
        ,{"Deleted":"f8f6a1ede7310f1a2f8321359cbb49cf45cc69a37a2761a8bead2c50bb016230"}
        ]
    http_version: 
  recorded_at: Mon, 06 Apr 2015 18:59:19 GMT
recorded_with: VCR 2.9.3
