---
http_interactions:
- request:
    method: post
    uri: "<DOCKER_HOST>/v1.16/images/create?fromImage=registry%3Alatest"
    body:
      encoding: US-ASCII
      string: ''
    headers:
      User-Agent:
      - Swipely/Docker-API 1.21.4
      Content-Type:
      - text/plain
  response:
    status:
      code: 200
      message: 
    headers:
      Content-Type:
      - application/json
      Date:
      - Fri, 05 Jun 2015 23:26:09 GMT
    body:
      encoding: UTF-8
      string: "{\"status\":\"Pulling from registry\",\"id\":\"latest\"}\r\n{\"status\":\"Already
        exists\",\"progressDetail\":{},\"id\":\"e9e06b06e14c\"}{\"status\":\"Already
        exists\",\"progressDetail\":{},\"id\":\"a82efea989f9\"}{\"status\":\"Already
        exists\",\"progressDetail\":{},\"id\":\"37bea4ee0c81\"}{\"status\":\"Already
        exists\",\"progressDetail\":{},\"id\":\"07f8e8c5e660\"}{\"status\":\"Already
        exists\",\"progressDetail\":{},\"id\":\"1f4ab7282e19\"}{\"status\":\"Already
        exists\",\"progressDetail\":{},\"id\":\"35f93dcfca99\"}{\"status\":\"Already
        exists\",\"progressDetail\":{},\"id\":\"8f1038aaf890\"}{\"status\":\"Already
        exists\",\"progressDetail\":{},\"id\":\"5f9be3f3a0d9\"}{\"status\":\"Already
        exists\",\"progressDetail\":{},\"id\":\"4fec8c4376f8\"}{\"status\":\"Already
        exists\",\"progressDetail\":{},\"id\":\"30783772e63e\"}{\"status\":\"Already
        exists\",\"progressDetail\":{},\"id\":\"27714e0ff742\"}{\"status\":\"Already
        exists\",\"progressDetail\":{},\"id\":\"f0c304f28703\"}{\"status\":\"Already
        exists\",\"progressDetail\":{},\"id\":\"6a103e956eab\"}{\"status\":\"Already
        exists\",\"progressDetail\":{},\"id\":\"d849e35be7b0\"}{\"status\":\"Already
        exists\",\"progressDetail\":{},\"id\":\"d849e35be7b0\"}{\"status\":\"Digest:
        sha256:20db657109d625426987b3c76e7e12fde3e6b66d269a2b38a53cccfdd5d9d7a7\"}\r\n{\"status\":\"Status:
        Image is up to date for registry:latest\"}\r\n"
    http_version: 
  recorded_at: Fri, 05 Jun 2015 23:26:09 GMT
- request:
    method: post
    uri: "<DOCKER_HOST>/v1.16/containers/create?name=registry"
    body:
      encoding: UTF-8
      string: '{"Image":"registry","Env":["GUNICORN_OPTS=[--preload]"],"ExposedPorts":{"5000/tcp":{}},"HostConfig":{"PortBindings":{"5000/tcp":[{"HostPort":"5000"}]}}}'
    headers:
      User-Agent:
      - Swipely/Docker-API 1.21.4
      Content-Type:
      - application/json
  response:
    status:
      code: 201
      message: 
    headers:
      Content-Type:
      - application/json
      Date:
      - Fri, 05 Jun 2015 23:26:10 GMT
      Content-Length:
      - '90'
    body:
      encoding: UTF-8
      string: |
        {"Id":"de02fbb655b4948f052964c285b2a28704594fe56db952810be843da6802df66","Warnings":null}
    http_version: 
  recorded_at: Fri, 05 Jun 2015 23:26:10 GMT
- request:
    method: post
    uri: "<DOCKER_HOST>/v1.16/containers/de02fbb655b4948f052964c285b2a28704594fe56db952810be843da6802df66/start"
    body:
      encoding: UTF-8
      string: "{}"
    headers:
      User-Agent:
      - Swipely/Docker-API 1.21.4
      Content-Type:
      - application/json
  response:
    status:
      code: 204
      message: 
    headers:
      Date:
      - Fri, 05 Jun 2015 23:26:10 GMT
    body:
      encoding: UTF-8
      string: ''
    http_version: 
  recorded_at: Fri, 05 Jun 2015 23:26:10 GMT
- request:
    method: post
    uri: "<DOCKER_HOST>/v1.16/images/create?fromSrc=-"
    body:
      encoding: US-ASCII
      string: ''
    headers:
      User-Agent:
      - Swipely/Docker-API 1.21.4
      Content-Type:
      - application/tar
      Transfer-Encoding:
      - chunked
  response:
    status:
      code: 200
      message: 
    headers:
      Content-Type:
      - application/json
      Date:
      - Fri, 05 Jun 2015 23:26:10 GMT
    body:
      encoding: UTF-8
      string: "{\"status\":\"e1ce6a0bdfe64b255e130679abe986773217db1892094100687b180062011919\"}\r\n"
    http_version: 
  recorded_at: Fri, 05 Jun 2015 23:26:10 GMT
- request:
    method: post
    uri: "<DOCKER_HOST>/v1.16/images/e1ce6a0bdfe64b255e130679abe986773217db1892094100687b180062011919/tag?repo=<ENCODED_REPO_URL>%2Ftest%2Fpush-me&tag=1.2.3"
    body:
      encoding: US-ASCII
      string: ''
    headers:
      User-Agent:
      - Swipely/Docker-API 1.21.4
      Content-Type:
      - text/plain
  response:
    status:
      code: 201
      message: 
    headers:
      Date:
      - Fri, 05 Jun 2015 23:26:10 GMT
      Content-Length:
      - '0'
      Content-Type:
      - text/plain; charset=utf-8
    body:
      encoding: UTF-8
      string: ''
    http_version: 
  recorded_at: Fri, 05 Jun 2015 23:26:10 GMT
- request:
    method: get
    uri: "<DOCKER_HOST>/v1.16/images/<REPO_URL>/test/push-me:1.2.3/json"
    body:
      encoding: US-ASCII
      string: ''
    headers:
      User-Agent:
      - Swipely/Docker-API 1.21.4
      Content-Type:
      - text/plain
  response:
    status:
      code: 200
      message: 
    headers:
      Content-Type:
      - application/json
      Date:
      - Fri, 05 Jun 2015 23:26:11 GMT
      Content-Length:
      - '1079'
    body:
      encoding: UTF-8
      string: |
        {"Architecture":"amd64","Author":"","Comment":"Imported from -","Config":{"AttachStderr":false,"AttachStdin":false,"AttachStdout":false,"Cmd":null,"CpuShares":0,"Cpuset":"","Domainname":"","Entrypoint":null,"Env":null,"ExposedPorts":null,"Hostname":"","Image":"","Labels":null,"MacAddress":"","Memory":0,"MemorySwap":0,"NetworkDisabled":false,"OnBuild":null,"OpenStdin":false,"PortSpecs":null,"StdinOnce":false,"Tty":false,"User":"","Volumes":null,"WorkingDir":""},"Container":"","ContainerConfig":{"AttachStderr":false,"AttachStdin":false,"AttachStdout":false,"Cmd":null,"CpuShares":0,"Cpuset":"","Domainname":"","Entrypoint":null,"Env":null,"ExposedPorts":null,"Hostname":"","Image":"","Labels":null,"MacAddress":"","Memory":0,"MemorySwap":0,"NetworkDisabled":false,"OnBuild":null,"OpenStdin":false,"PortSpecs":null,"StdinOnce":false,"Tty":false,"User":"","Volumes":null,"WorkingDir":""},"Created":"2015-06-05T23:26:10.44286422Z","DockerVersion":"1.6.0","Id":"e1ce6a0bdfe64b255e130679abe986773217db1892094100687b180062011919","Os":"linux","Parent":"","Size":0,"VirtualSize":0}
    http_version: 
  recorded_at: Fri, 05 Jun 2015 23:26:11 GMT
- request:
    method: post
    uri: "<DOCKER_HOST>/v1.16/containers/de02fbb655b4948f052964c285b2a28704594fe56db952810be843da6802df66/kill"
    body:
      encoding: US-ASCII
      string: ''
    headers:
      User-Agent:
      - Swipely/Docker-API 1.21.4
      Content-Type:
      - text/plain
  response:
    status:
      code: 204
      message: 
    headers:
      Date:
      - Fri, 05 Jun 2015 23:26:11 GMT
    body:
      encoding: UTF-8
      string: ''
    http_version: 
  recorded_at: Fri, 05 Jun 2015 23:26:11 GMT
- request:
    method: delete
    uri: "<DOCKER_HOST>/v1.16/containers/de02fbb655b4948f052964c285b2a28704594fe56db952810be843da6802df66"
    body:
      encoding: US-ASCII
      string: ''
    headers:
      User-Agent:
      - Swipely/Docker-API 1.21.4
      Content-Type:
      - text/plain
  response:
    status:
      code: 204
      message: 
    headers:
      Date:
      - Fri, 05 Jun 2015 23:26:11 GMT
    body:
      encoding: UTF-8
      string: ''
    http_version: 
  recorded_at: Fri, 05 Jun 2015 23:26:11 GMT
- request:
    method: delete
    uri: "<DOCKER_HOST>/v1.16/images/e1ce6a0bdfe64b255e130679abe986773217db1892094100687b180062011919?force=true"
    body:
      encoding: US-ASCII
      string: ''
    headers:
      User-Agent:
      - Swipely/Docker-API 1.21.4
      Content-Type:
      - text/plain
  response:
    status:
      code: 200
      message: 
    headers:
      Content-Type:
      - application/json
      Date:
      - Fri, 05 Jun 2015 23:26:12 GMT
      Content-Length:
      - '136'
    body:
      encoding: UTF-8
      string: |-
        [{"Untagged":"<REPO_URL>/test/push-me:1.2.3"}
        ,{"Deleted":"e1ce6a0bdfe64b255e130679abe986773217db1892094100687b180062011919"}
        ]
    http_version: 
  recorded_at: Fri, 05 Jun 2015 23:26:12 GMT
recorded_with: VCR 2.9.3
