---
http_interactions:
- request:
    method: get
    uri: "<DOCKER_HOST>/v1.16/containers/profiles/json"
    body:
      encoding: US-ASCII
      string: ''
    headers:
      User-Agent:
      - Swipely/Docker-API 1.20.0
      Content-Type:
      - text/plain
  response:
    status:
      code: 200
      message: 
    headers:
      Content-Type:
      - application/json
      Date:
      - Thu, 12 Mar 2015 21:38:35 GMT
    body:
      encoding: UTF-8
      string: |
        {"AppArmorProfile":"","Args":["-c","ruby /code/server.rb"],"Config":{"AttachStderr":false,"AttachStdin":false,"AttachStdout":false,"Cmd":null,"CpuShares":0,"Cpuset":"","Domainname":"","Entrypoint":["/bin/sh","-c","ruby /code/server.rb"],"Env":["NAME1=VALUE1A","NAME2=VALUE2","PATH=/usr/local/bundle/bin:/usr/local/sbin:/usr/local/bin:/usr/sbin:/usr/bin:/sbin:/bin","RUBY_MAJOR=2.1","RUBY_VERSION=2.1.3","GEM_HOME=/usr/local/bundle","BUNDLE_APP_CONFIG=/usr/local/bundle"],"ExposedPorts":{"80/tcp":{}},"Hostname":"bfdfc4ef8092","Image":"b9c5be3a918d80b0d898ed8eca3fc76f75c482b531238e539cb00f75bb4e12d2","MacAddress":"","Memory":0,"MemorySwap":0,"NetworkDisabled":false,"OnBuild":null,"OpenStdin":false,"PortSpecs":null,"StdinOnce":false,"Tty":false,"User":"","Volumes":null,"WorkingDir":""},"Created":"2015-03-12T21:38:35.411883424Z","Driver":"aufs","ExecDriver":"native-0.2","ExecIDs":null,"HostConfig":{"Binds":null,"CapAdd":null,"CapDrop":null,"ContainerIDFile":"","Devices":null,"Dns":null,"DnsSearch":null,"ExtraHosts":[],"IpcMode":"","Links":null,"LxcConf":null,"NetworkMode":"","PidMode":"","PortBindings":{"80/tcp":[{"HostIp":"","HostPort":"4567"}]},"Privileged":false,"PublishAllPorts":false,"ReadonlyRootfs":false,"RestartPolicy":{"MaximumRetryCount":0,"Name":""},"SecurityOpt":null,"VolumesFrom":[]},"HostnamePath":"/mnt/sda1/var/lib/docker/containers/bfdfc4ef8092471e150ffb859a1192d0c3fe2966a69d94e9139b25df3e0b5c54/hostname","HostsPath":"/mnt/sda1/var/lib/docker/containers/bfdfc4ef8092471e150ffb859a1192d0c3fe2966a69d94e9139b25df3e0b5c54/hosts","Id":"bfdfc4ef8092471e150ffb859a1192d0c3fe2966a69d94e9139b25df3e0b5c54","Image":"b9c5be3a918d80b0d898ed8eca3fc76f75c482b531238e539cb00f75bb4e12d2","MountLabel":"","Name":"/profiles","NetworkSettings":{"Bridge":"docker0","Gateway":"172.17.42.1","GlobalIPv6Address":"","GlobalIPv6PrefixLen":0,"IPAddress":"172.17.2.114","IPPrefixLen":16,"IPv6Gateway":"","LinkLocalIPv6Address":"fe80::42:acff:fe11:272","LinkLocalIPv6PrefixLen":64,"MacAddress":"02:42:ac:11:02:72","PortMapping":null,"Ports":{"80/tcp":[{"HostIp":"0.0.0.0","HostPort":"4567"}]}},"Path":"/bin/sh","ProcessLabel":"","ResolvConfPath":"/mnt/sda1/var/lib/docker/containers/bfdfc4ef8092471e150ffb859a1192d0c3fe2966a69d94e9139b25df3e0b5c54/resolv.conf","RestartCount":0,"State":{"Error":"","ExitCode":0,"FinishedAt":"0001-01-01T00:00:00Z","OOMKilled":false,"Paused":false,"Pid":12032,"Restarting":false,"Running":true,"StartedAt":"2015-03-12T21:38:35.841159786Z"},"Volumes":{},"VolumesRW":{}}
    http_version: 
  recorded_at: Thu, 12 Mar 2015 21:38:38 GMT
- request:
    method: get
    uri: "<DOCKER_HOST>/v1.16/images/hawknewton/show-env/json"
    body:
      encoding: US-ASCII
      string: ''
    headers:
      User-Agent:
      - Swipely/Docker-API 1.20.0
      Content-Type:
      - text/plain
  response:
    status:
      code: 200
      message: 
    headers:
      Content-Type:
      - application/json
      Date:
      - Thu, 12 Mar 2015 21:38:35 GMT
      Content-Length:
      - '1859'
    body:
      encoding: UTF-8
      string: |
        {"Architecture":"amd64","Author":"","Comment":"","Config":{"AttachStderr":false,"AttachStdin":false,"AttachStdout":false,"Cmd":null,"CpuShares":0,"Cpuset":"","Domainname":"","Entrypoint":["/bin/sh","-c","ruby /code/server.rb"],"Env":["PATH=/usr/local/bundle/bin:/usr/local/sbin:/usr/local/bin:/usr/sbin:/usr/bin:/sbin:/bin","RUBY_MAJOR=2.1","RUBY_VERSION=2.1.3","GEM_HOME=/usr/local/bundle","BUNDLE_APP_CONFIG=/usr/local/bundle"],"ExposedPorts":{"80/tcp":{}},"Hostname":"e5474231b7cd","Image":"4929b61a5fda27a07a26efc94ad61504c0f4aa2fb50471bfa4fd61c656d42131","MacAddress":"","Memory":0,"MemorySwap":0,"NetworkDisabled":false,"OnBuild":[],"OpenStdin":false,"PortSpecs":null,"StdinOnce":false,"Tty":false,"User":"","Volumes":null,"WorkingDir":""},"Container":"d6d34d2bfd452f4175eab78597ddd29856f0af494d503b00f4160d5eb3f13f1b","ContainerConfig":{"AttachStderr":false,"AttachStdin":false,"AttachStdout":false,"Cmd":["/bin/sh","-c","#(nop) ENTRYPOINT [/bin/sh -c ruby /code/server.rb]"],"CpuShares":0,"Cpuset":"","Domainname":"","Entrypoint":["/bin/sh","-c","ruby /code/server.rb"],"Env":["PATH=/usr/local/bundle/bin:/usr/local/sbin:/usr/local/bin:/usr/sbin:/usr/bin:/sbin:/bin","RUBY_MAJOR=2.1","RUBY_VERSION=2.1.3","GEM_HOME=/usr/local/bundle","BUNDLE_APP_CONFIG=/usr/local/bundle"],"ExposedPorts":{"80/tcp":{}},"Hostname":"e5474231b7cd","Image":"4929b61a5fda27a07a26efc94ad61504c0f4aa2fb50471bfa4fd61c656d42131","MacAddress":"","Memory":0,"MemorySwap":0,"NetworkDisabled":false,"OnBuild":[],"OpenStdin":false,"PortSpecs":null,"StdinOnce":false,"Tty":false,"User":"","Volumes":null,"WorkingDir":""},"Created":"2014-10-23T20:00:42.057514693Z","DockerVersion":"1.3.0","Id":"b9c5be3a918d80b0d898ed8eca3fc76f75c482b531238e539cb00f75bb4e12d2","Os":"linux","Parent":"4929b61a5fda27a07a26efc94ad61504c0f4aa2fb50471bfa4fd61c656d42131","Size":0,"VirtualSize":801041825}
    http_version: 
  recorded_at: Thu, 12 Mar 2015 21:38:38 GMT
- request:
    method: post
    uri: "<DOCKER_HOST>/v1.16/containers/bfdfc4ef8092471e150ffb859a1192d0c3fe2966a69d94e9139b25df3e0b5c54/kill"
    body:
      encoding: US-ASCII
      string: ''
    headers:
      User-Agent:
      - Swipely/Docker-API 1.20.0
      Content-Type:
      - text/plain
  response:
    status:
      code: 204
      message: 
    headers:
      Date:
      - Thu, 12 Mar 2015 21:38:36 GMT
    body:
      encoding: UTF-8
      string: ''
    http_version: 
  recorded_at: Thu, 12 Mar 2015 21:38:38 GMT
- request:
    method: delete
    uri: "<DOCKER_HOST>/v1.16/containers/bfdfc4ef8092471e150ffb859a1192d0c3fe2966a69d94e9139b25df3e0b5c54"
    body:
      encoding: US-ASCII
      string: ''
    headers:
      User-Agent:
      - Swipely/Docker-API 1.20.0
      Content-Type:
      - text/plain
  response:
    status:
      code: 204
      message: 
    headers:
      Date:
      - Thu, 12 Mar 2015 21:38:36 GMT
    body:
      encoding: UTF-8
      string: ''
    http_version: 
  recorded_at: Thu, 12 Mar 2015 21:38:38 GMT
recorded_with: VCR 2.9.3
