---
http_interactions:
- request:
    method: post
    uri: "<DOCKER_HOST>/v1.15/containers/create"
    body:
      encoding: UTF-8
      string: '{"Image":"hawknewton/show-env"}'
    headers:
      User-Agent:
      - Swipely/Docker-API 1.18.0
      Content-Type:
      - application/json
  response:
    status:
      code: 201
      message: 
    headers:
      Content-Type:
      - application/json
      Date:
      - Sat, 21 Feb 2015 11:44:44 GMT
      Content-Length:
      - '90'
    body:
      encoding: UTF-8
      string: |
        {"Id":"ef8841d67e5f01fc27044b233563dc1bc37cafad08582ea4d67c13b721cacee0","Warnings":null}
    http_version: 
  recorded_at: Mon, 23 Feb 2015 02:23:35 GMT
- request:
    method: get
    uri: "<DOCKER_HOST>/v1.15/containers/ef8841d67e5f01fc27044b233563dc1bc37cafad08582ea4d67c13b721cacee0/json"
    body:
      encoding: US-ASCII
      string: ''
    headers:
      User-Agent:
      - Swipely/Docker-API 1.18.0
      Content-Type:
      - text/plain
  response:
    status:
      code: 200
      message: 
    headers:
      Content-Type:
      - application/json
      Date:
      - Sat, 21 Feb 2015 11:44:44 GMT
      Content-Length:
      - '1683'
    body:
      encoding: UTF-8
      string: |
        {"Args":["-c","ruby /code/server.rb"],"Config":{"AttachStderr":false,"AttachStdin":false,"AttachStdout":false,"Cmd":null,"CpuShares":0,"Cpuset":"","Domainname":"","Entrypoint":["/bin/sh","-c","ruby /code/server.rb"],"Env":["PATH=/usr/local/bundle/bin:/usr/local/sbin:/usr/local/bin:/usr/sbin:/usr/bin:/sbin:/bin","RUBY_MAJOR=2.1","RUBY_VERSION=2.1.3","GEM_HOME=/usr/local/bundle","BUNDLE_APP_CONFIG=/usr/local/bundle"],"ExposedPorts":{"80/tcp":{}},"Hostname":"ef8841d67e5f","Image":"hawknewton/show-env","Memory":0,"MemorySwap":0,"NetworkDisabled":false,"OnBuild":null,"OpenStdin":false,"PortSpecs":null,"SecurityOpt":null,"StdinOnce":false,"Tty":false,"User":"","Volumes":null,"WorkingDir":""},"Created":"2015-02-21T11:44:44.040913762Z","Driver":"aufs","ExecDriver":"native-0.2","HostConfig":{"Binds":null,"CapAdd":null,"CapDrop":null,"ContainerIDFile":"","Devices":null,"Dns":null,"DnsSearch":null,"ExtraHosts":null,"Links":null,"LxcConf":null,"NetworkMode":"","PortBindings":null,"Privileged":false,"PublishAllPorts":false,"RestartPolicy":{"MaximumRetryCount":0,"Name":""},"VolumesFrom":null},"HostnamePath":"","HostsPath":"","Id":"ef8841d67e5f01fc27044b233563dc1bc37cafad08582ea4d67c13b721cacee0","Image":"b9c5be3a918d80b0d898ed8eca3fc76f75c482b531238e539cb00f75bb4e12d2","MountLabel":"","Name":"/berserk_thompson","NetworkSettings":{"Bridge":"","Gateway":"","IPAddress":"","IPPrefixLen":0,"MacAddress":"","PortMapping":null,"Ports":null},"Path":"/bin/sh","ProcessLabel":"","ResolvConfPath":"","State":{"ExitCode":0,"FinishedAt":"0001-01-01T00:00:00Z","Paused":false,"Pid":0,"Restarting":false,"Running":false,"StartedAt":"0001-01-01T00:00:00Z"},"Volumes":null,"VolumesRW":null}
    http_version: 
  recorded_at: Mon, 23 Feb 2015 02:23:35 GMT
- request:
    method: delete
    uri: "<DOCKER_HOST>/v1.15/containers/ef8841d67e5f01fc27044b233563dc1bc37cafad08582ea4d67c13b721cacee0?force=true"
    body:
      encoding: US-ASCII
      string: ''
    headers:
      User-Agent:
      - Swipely/Docker-API 1.18.0
      Content-Type:
      - text/plain
  response:
    status:
      code: 204
      message: 
    headers:
      Date:
      - Sat, 21 Feb 2015 11:44:44 GMT
    body:
      encoding: UTF-8
      string: ''
    http_version: 
  recorded_at: Mon, 23 Feb 2015 02:23:35 GMT
recorded_with: VCR 2.9.3
