---
http_interactions:
- request:
    method: post
    uri: "<DOCKER_HOST>/v1.15/containers/create"
    body:
      encoding: UTF-8
      string: '{"Image":"hawknewton/true"}'
    headers:
      User-Agent:
      - Swipely/Docker-API 1.18.0
      Content-Type:
      - application/json
  response:
    status:
      code: 201
      message: 
    headers:
      Content-Type:
      - application/json
      Date:
      - Wed, 11 Feb 2015 23:43:42 GMT
      Content-Length:
      - '90'
    body:
      encoding: UTF-8
      string: |
        {"Id":"966673714acf5a58265801f3ec1e72b2c5b32b5820ea5c671c95168fb1bbef38","Warnings":null}
    http_version: 
  recorded_at: Wed, 11 Feb 2015 23:43:41 GMT
- request:
    method: post
    uri: "<DOCKER_HOST>/v1.15/containers/966673714acf5a58265801f3ec1e72b2c5b32b5820ea5c671c95168fb1bbef38/start"
    body:
      encoding: UTF-8
      string: "{}"
    headers:
      User-Agent:
      - Swipely/Docker-API 1.18.0
      Content-Type:
      - application/json
  response:
    status:
      code: 204
      message: 
    headers:
      Date:
      - Wed, 11 Feb 2015 23:43:42 GMT
    body:
      encoding: UTF-8
      string: ''
    http_version: 
  recorded_at: Wed, 11 Feb 2015 23:43:41 GMT
- request:
    method: get
    uri: "<DOCKER_HOST>/v1.15/containers/966673714acf5a58265801f3ec1e72b2c5b32b5820ea5c671c95168fb1bbef38/json"
    body:
      encoding: US-ASCII
      string: ''
    headers:
      User-Agent:
      - Swipely/Docker-API 1.18.0
      Content-Type:
      - text/plain
  response:
    status:
      code: 200
      message: 
    headers:
      Content-Type:
      - application/json
      Date:
      - Wed, 11 Feb 2015 23:43:42 GMT
      Content-Length:
      - '1862'
    body:
      encoding: UTF-8
      string: |
        {"Args":[],"Config":{"AttachStderr":false,"AttachStdin":false,"AttachStdout":false,"Cmd":["/true"],"CpuShares":0,"Cpuset":"","Domainname":"","Entrypoint":[],"Env":["PATH=/usr/local/sbin:/usr/local/bin:/usr/sbin:/usr/bin:/sbin:/bin"],"ExposedPorts":null,"Hostname":"966673714acf","Image":"hawknewton/true","Memory":0,"MemorySwap":0,"NetworkDisabled":false,"OnBuild":null,"OpenStdin":false,"PortSpecs":null,"SecurityOpt":null,"StdinOnce":false,"Tty":false,"User":"","Volumes":null,"WorkingDir":""},"Created":"2015-02-11T23:43:42.152590421Z","Driver":"aufs","ExecDriver":"native-0.2","HostConfig":{"Binds":null,"CapAdd":null,"CapDrop":null,"ContainerIDFile":"","Devices":null,"Dns":null,"DnsSearch":null,"ExtraHosts":null,"Links":null,"LxcConf":null,"NetworkMode":"","PortBindings":null,"Privileged":false,"PublishAllPorts":false,"RestartPolicy":{"MaximumRetryCount":0,"Name":""},"VolumesFrom":null},"HostnamePath":"/mnt/sda1/var/lib/docker/containers/966673714acf5a58265801f3ec1e72b2c5b32b5820ea5c671c95168fb1bbef38/hostname","HostsPath":"/mnt/sda1/var/lib/docker/containers/966673714acf5a58265801f3ec1e72b2c5b32b5820ea5c671c95168fb1bbef38/hosts","Id":"966673714acf5a58265801f3ec1e72b2c5b32b5820ea5c671c95168fb1bbef38","Image":"5fbce35eb33780adf252ee2f87b7156660fdb5c7ca54a0fb4e262a87447cceeb","MountLabel":"","Name":"/ecstatic_feynman","NetworkSettings":{"Bridge":"docker0","Gateway":"172.17.42.1","IPAddress":"172.17.0.86","IPPrefixLen":16,"MacAddress":"02:42:ac:11:00:56","PortMapping":null,"Ports":{}},"Path":"/true","ProcessLabel":"","ResolvConfPath":"/mnt/sda1/var/lib/docker/containers/966673714acf5a58265801f3ec1e72b2c5b32b5820ea5c671c95168fb1bbef38/resolv.conf","State":{"ExitCode":0,"FinishedAt":"0001-01-01T00:00:00Z","Paused":false,"Pid":2862,"Restarting":false,"Running":true,"StartedAt":"2015-02-11T23:43:42.416098282Z"},"Volumes":{},"VolumesRW":{}}
    http_version: 
  recorded_at: Wed, 11 Feb 2015 23:43:41 GMT
- request:
    method: delete
    uri: "<DOCKER_HOST>/v1.15/containers/966673714acf5a58265801f3ec1e72b2c5b32b5820ea5c671c95168fb1bbef38"
    body:
      encoding: US-ASCII
      string: ''
    headers:
      User-Agent:
      - Swipely/Docker-API 1.18.0
      Content-Type:
      - text/plain
  response:
    status:
      code: 500
      message: 
    headers:
      Content-Type:
      - text/plain; charset=utf-8
      Date:
      - Wed, 11 Feb 2015 23:43:42 GMT
      Content-Length:
      - '94'
    body:
      encoding: UTF-8
      string: |
        You cannot remove a running container. Stop the container before attempting removal or use -f
    http_version: 
  recorded_at: Wed, 11 Feb 2015 23:43:42 GMT
recorded_with: VCR 2.9.3
