---
http_interactions:
- request:
    method: post
    uri: "<DOCKER_HOST>/v1.15/containers/create?name=single-test"
    body:
      encoding: UTF-8
      string: '{"Image":"hawknewton/show-env"}'
    headers:
      User-Agent:
      - Swipely/Docker-API 1.18.0
      Content-Type:
      - application/json
  response:
    status:
      code: 201
      message: 
    headers:
      Content-Type:
      - application/json
      Date:
      - Sat, 21 Feb 2015 11:44:10 GMT
      Content-Length:
      - '90'
    body:
      encoding: UTF-8
      string: |
        {"Id":"4f292b09994f0618ee7238e4a2627119a5c9fac1b0772f117b4d03d2213de5a0","Warnings":null}
    http_version: 
  recorded_at: Mon, 23 Feb 2015 02:23:01 GMT
- request:
    method: post
    uri: "<DOCKER_HOST>/v1.15/containers/4f292b09994f0618ee7238e4a2627119a5c9fac1b0772f117b4d03d2213de5a0/start"
    body:
      encoding: UTF-8
      string: "{}"
    headers:
      User-Agent:
      - Swipely/Docker-API 1.18.0
      Content-Type:
      - application/json
  response:
    status:
      code: 204
      message: 
    headers:
      Date:
      - Sat, 21 Feb 2015 11:44:10 GMT
    body:
      encoding: UTF-8
      string: ''
    http_version: 
  recorded_at: Mon, 23 Feb 2015 02:23:02 GMT
- request:
    method: post
    uri: "<DOCKER_HOST>/v1.15/containers/4f292b09994f0618ee7238e4a2627119a5c9fac1b0772f117b4d03d2213de5a0/kill"
    body:
      encoding: US-ASCII
      string: ''
    headers:
      User-Agent:
      - Swipely/Docker-API 1.18.0
      Content-Type:
      - text/plain
  response:
    status:
      code: 204
      message: 
    headers:
      Date:
      - Sat, 21 Feb 2015 11:44:11 GMT
    body:
      encoding: UTF-8
      string: ''
    http_version: 
  recorded_at: Mon, 23 Feb 2015 02:23:02 GMT
- request:
    method: get
    uri: "<DOCKER_HOST>/v1.15/images/hawknewton/show-env/json"
    body:
      encoding: US-ASCII
      string: ''
    headers:
      User-Agent:
      - Swipely/Docker-API 1.18.0
      Content-Type:
      - text/plain
  response:
    status:
      code: 200
      message: 
    headers:
      Content-Type:
      - application/json
      Date:
      - Sat, 21 Feb 2015 11:44:11 GMT
      Content-Length:
      - '1865'
    body:
      encoding: UTF-8
      string: |
        {"Architecture":"amd64","Author":"","Comment":"","Config":{"AttachStderr":false,"AttachStdin":false,"AttachStdout":false,"Cmd":null,"CpuShares":0,"Cpuset":"","Domainname":"","Entrypoint":["/bin/sh","-c","ruby /code/server.rb"],"Env":["PATH=/usr/local/bundle/bin:/usr/local/sbin:/usr/local/bin:/usr/sbin:/usr/bin:/sbin:/bin","RUBY_MAJOR=2.1","RUBY_VERSION=2.1.3","GEM_HOME=/usr/local/bundle","BUNDLE_APP_CONFIG=/usr/local/bundle"],"ExposedPorts":{"80/tcp":{}},"Hostname":"e5474231b7cd","Image":"4929b61a5fda27a07a26efc94ad61504c0f4aa2fb50471bfa4fd61c656d42131","Memory":0,"MemorySwap":0,"NetworkDisabled":false,"OnBuild":[],"OpenStdin":false,"PortSpecs":null,"SecurityOpt":null,"StdinOnce":false,"Tty":false,"User":"","Volumes":null,"WorkingDir":""},"Container":"d6d34d2bfd452f4175eab78597ddd29856f0af494d503b00f4160d5eb3f13f1b","ContainerConfig":{"AttachStderr":false,"AttachStdin":false,"AttachStdout":false,"Cmd":["/bin/sh","-c","#(nop) ENTRYPOINT [/bin/sh -c ruby /code/server.rb]"],"CpuShares":0,"Cpuset":"","Domainname":"","Entrypoint":["/bin/sh","-c","ruby /code/server.rb"],"Env":["PATH=/usr/local/bundle/bin:/usr/local/sbin:/usr/local/bin:/usr/sbin:/usr/bin:/sbin:/bin","RUBY_MAJOR=2.1","RUBY_VERSION=2.1.3","GEM_HOME=/usr/local/bundle","BUNDLE_APP_CONFIG=/usr/local/bundle"],"ExposedPorts":{"80/tcp":{}},"Hostname":"e5474231b7cd","Image":"4929b61a5fda27a07a26efc94ad61504c0f4aa2fb50471bfa4fd61c656d42131","Memory":0,"MemorySwap":0,"NetworkDisabled":false,"OnBuild":[],"OpenStdin":false,"PortSpecs":null,"SecurityOpt":null,"StdinOnce":false,"Tty":false,"User":"","Volumes":null,"WorkingDir":""},"Created":"2014-10-23T20:00:42.057514693Z","DockerVersion":"1.3.0","Id":"b9c5be3a918d80b0d898ed8eca3fc76f75c482b531238e539cb00f75bb4e12d2","Os":"linux","Parent":"4929b61a5fda27a07a26efc94ad61504c0f4aa2fb50471bfa4fd61c656d42131","Size":0,"VirtualSize":801041825}
    http_version: 
  recorded_at: Mon, 23 Feb 2015 02:23:02 GMT
- request:
    method: get
    uri: "<DOCKER_HOST>/v1.15/containers/single-test/json"
    body:
      encoding: US-ASCII
      string: ''
    headers:
      User-Agent:
      - Swipely/Docker-API 1.18.0
      Content-Type:
      - text/plain
  response:
    status:
      code: 200
      message: 
    headers:
      Content-Type:
      - application/json
      Date:
      - Sat, 21 Feb 2015 11:44:11 GMT
      Content-Length:
      - '2022'
    body:
      encoding: UTF-8
      string: |
        {"Args":["-c","ruby /code/server.rb"],"Config":{"AttachStderr":false,"AttachStdin":false,"AttachStdout":false,"Cmd":null,"CpuShares":0,"Cpuset":"","Domainname":"","Entrypoint":["/bin/sh","-c","ruby /code/server.rb"],"Env":["PATH=/usr/local/bundle/bin:/usr/local/sbin:/usr/local/bin:/usr/sbin:/usr/bin:/sbin:/bin","RUBY_MAJOR=2.1","RUBY_VERSION=2.1.3","GEM_HOME=/usr/local/bundle","BUNDLE_APP_CONFIG=/usr/local/bundle"],"ExposedPorts":{"80/tcp":{}},"Hostname":"4f292b09994f","Image":"hawknewton/show-env","Memory":0,"MemorySwap":0,"NetworkDisabled":false,"OnBuild":null,"OpenStdin":false,"PortSpecs":null,"SecurityOpt":null,"StdinOnce":false,"Tty":false,"User":"","Volumes":null,"WorkingDir":""},"Created":"2015-02-21T11:44:10.419034685Z","Driver":"aufs","ExecDriver":"native-0.2","HostConfig":{"Binds":null,"CapAdd":null,"CapDrop":null,"ContainerIDFile":"","Devices":null,"Dns":null,"DnsSearch":null,"ExtraHosts":null,"Links":null,"LxcConf":null,"NetworkMode":"","PortBindings":null,"Privileged":false,"PublishAllPorts":false,"RestartPolicy":{"MaximumRetryCount":0,"Name":""},"VolumesFrom":null},"HostnamePath":"/mnt/sda1/var/lib/docker/containers/4f292b09994f0618ee7238e4a2627119a5c9fac1b0772f117b4d03d2213de5a0/hostname","HostsPath":"/mnt/sda1/var/lib/docker/containers/4f292b09994f0618ee7238e4a2627119a5c9fac1b0772f117b4d03d2213de5a0/hosts","Id":"4f292b09994f0618ee7238e4a2627119a5c9fac1b0772f117b4d03d2213de5a0","Image":"b9c5be3a918d80b0d898ed8eca3fc76f75c482b531238e539cb00f75bb4e12d2","MountLabel":"","Name":"/single-test","NetworkSettings":{"Bridge":"","Gateway":"","IPAddress":"","IPPrefixLen":0,"MacAddress":"","PortMapping":null,"Ports":null},"Path":"/bin/sh","ProcessLabel":"","ResolvConfPath":"/mnt/sda1/var/lib/docker/containers/4f292b09994f0618ee7238e4a2627119a5c9fac1b0772f117b4d03d2213de5a0/resolv.conf","State":{"ExitCode":-1,"FinishedAt":"2015-02-21T11:44:11.110283686Z","Paused":false,"Pid":0,"Restarting":false,"Running":false,"StartedAt":"2015-02-21T11:44:10.962664386Z"},"Volumes":{},"VolumesRW":{}}
    http_version: 
  recorded_at: Mon, 23 Feb 2015 02:23:02 GMT
- request:
    method: delete
    uri: "<DOCKER_HOST>/v1.15/containers/4f292b09994f0618ee7238e4a2627119a5c9fac1b0772f117b4d03d2213de5a0"
    body:
      encoding: US-ASCII
      string: ''
    headers:
      User-Agent:
      - Swipely/Docker-API 1.18.0
      Content-Type:
      - text/plain
  response:
    status:
      code: 204
      message: 
    headers:
      Date:
      - Sat, 21 Feb 2015 11:44:11 GMT
    body:
      encoding: UTF-8
      string: ''
    http_version: 
  recorded_at: Mon, 23 Feb 2015 02:23:02 GMT
- request:
    method: post
    uri: "<DOCKER_HOST>/v1.15/containers/create?name=single-test"
    body:
      encoding: UTF-8
      string: '{"Env":[],"Image":"b9c5be3a918d80b0d898ed8eca3fc76f75c482b531238e539cb00f75bb4e12d2","ExposedPorts":{}}'
    headers:
      User-Agent:
      - Swipely/Docker-API 1.18.0
      Content-Type:
      - application/json
  response:
    status:
      code: 201
      message: 
    headers:
      Content-Type:
      - application/json
      Date:
      - Sat, 21 Feb 2015 11:44:11 GMT
      Content-Length:
      - '90'
    body:
      encoding: UTF-8
      string: |
        {"Id":"1396a3b275f417d72980331a1e25fa991a1a7d04312d8078c1d6b9702d40092f","Warnings":null}
    http_version: 
  recorded_at: Mon, 23 Feb 2015 02:23:02 GMT
- request:
    method: post
    uri: "<DOCKER_HOST>/v1.15/containers/1396a3b275f417d72980331a1e25fa991a1a7d04312d8078c1d6b9702d40092f/start"
    body:
      encoding: UTF-8
      string: '{"Links":[],"ExtraHosts":[],"PortBindings":{},"VolumesFrom":[]}'
    headers:
      User-Agent:
      - Swipely/Docker-API 1.18.0
      Content-Type:
      - application/json
  response:
    status:
      code: 204
      message: 
    headers:
      Date:
      - Sat, 21 Feb 2015 11:44:11 GMT
    body:
      encoding: UTF-8
      string: ''
    http_version: 
  recorded_at: Mon, 23 Feb 2015 02:23:03 GMT
- request:
    method: get
    uri: "<DOCKER_HOST>/v1.15/containers/single-test/json"
    body:
      encoding: US-ASCII
      string: ''
    headers:
      User-Agent:
      - Swipely/Docker-API 1.18.0
      Content-Type:
      - text/plain
  response:
    status:
      code: 200
      message: 
    headers:
      Content-Type:
      - application/json
      Date:
      - Sat, 21 Feb 2015 11:44:11 GMT
    body:
      encoding: UTF-8
      string: |
        {"Args":["-c","ruby /code/server.rb"],"Config":{"AttachStderr":false,"AttachStdin":false,"AttachStdout":false,"Cmd":null,"CpuShares":0,"Cpuset":"","Domainname":"","Entrypoint":["/bin/sh","-c","ruby /code/server.rb"],"Env":["PATH=/usr/local/bundle/bin:/usr/local/sbin:/usr/local/bin:/usr/sbin:/usr/bin:/sbin:/bin","RUBY_MAJOR=2.1","RUBY_VERSION=2.1.3","GEM_HOME=/usr/local/bundle","BUNDLE_APP_CONFIG=/usr/local/bundle"],"ExposedPorts":{"80/tcp":{}},"Hostname":"1396a3b275f4","Image":"b9c5be3a918d80b0d898ed8eca3fc76f75c482b531238e539cb00f75bb4e12d2","Memory":0,"MemorySwap":0,"NetworkDisabled":false,"OnBuild":null,"OpenStdin":false,"PortSpecs":null,"SecurityOpt":null,"StdinOnce":false,"Tty":false,"User":"","Volumes":null,"WorkingDir":""},"Created":"2015-02-21T11:44:11.376382142Z","Driver":"aufs","ExecDriver":"native-0.2","HostConfig":{"Binds":null,"CapAdd":null,"CapDrop":null,"ContainerIDFile":"","Devices":null,"Dns":null,"DnsSearch":null,"ExtraHosts":[],"Links":null,"LxcConf":null,"NetworkMode":"","PortBindings":{},"Privileged":false,"PublishAllPorts":false,"RestartPolicy":{"MaximumRetryCount":0,"Name":""},"VolumesFrom":[]},"HostnamePath":"/mnt/sda1/var/lib/docker/containers/1396a3b275f417d72980331a1e25fa991a1a7d04312d8078c1d6b9702d40092f/hostname","HostsPath":"/mnt/sda1/var/lib/docker/containers/1396a3b275f417d72980331a1e25fa991a1a7d04312d8078c1d6b9702d40092f/hosts","Id":"1396a3b275f417d72980331a1e25fa991a1a7d04312d8078c1d6b9702d40092f","Image":"b9c5be3a918d80b0d898ed8eca3fc76f75c482b531238e539cb00f75bb4e12d2","MountLabel":"","Name":"/single-test","NetworkSettings":{"Bridge":"docker0","Gateway":"172.17.42.1","IPAddress":"172.17.2.120","IPPrefixLen":16,"MacAddress":"02:42:ac:11:02:78","PortMapping":null,"Ports":{"80/tcp":null}},"Path":"/bin/sh","ProcessLabel":"","ResolvConfPath":"/mnt/sda1/var/lib/docker/containers/1396a3b275f417d72980331a1e25fa991a1a7d04312d8078c1d6b9702d40092f/resolv.conf","State":{"ExitCode":0,"FinishedAt":"0001-01-01T00:00:00Z","Paused":false,"Pid":10592,"Restarting":false,"Running":true,"StartedAt":"2015-02-21T11:44:11.824226354Z"},"Volumes":{},"VolumesRW":{}}
    http_version: 
  recorded_at: Mon, 23 Feb 2015 02:23:03 GMT
- request:
    method: get
    uri: "<DOCKER_HOST>/v1.15/containers/single-test/json"
    body:
      encoding: US-ASCII
      string: ''
    headers:
      User-Agent:
      - Swipely/Docker-API 1.18.0
      Content-Type:
      - text/plain
  response:
    status:
      code: 200
      message: 
    headers:
      Content-Type:
      - application/json
      Date:
      - Sat, 21 Feb 2015 11:44:11 GMT
    body:
      encoding: UTF-8
      string: |
        {"Args":["-c","ruby /code/server.rb"],"Config":{"AttachStderr":false,"AttachStdin":false,"AttachStdout":false,"Cmd":null,"CpuShares":0,"Cpuset":"","Domainname":"","Entrypoint":["/bin/sh","-c","ruby /code/server.rb"],"Env":["PATH=/usr/local/bundle/bin:/usr/local/sbin:/usr/local/bin:/usr/sbin:/usr/bin:/sbin:/bin","RUBY_MAJOR=2.1","RUBY_VERSION=2.1.3","GEM_HOME=/usr/local/bundle","BUNDLE_APP_CONFIG=/usr/local/bundle"],"ExposedPorts":{"80/tcp":{}},"Hostname":"1396a3b275f4","Image":"b9c5be3a918d80b0d898ed8eca3fc76f75c482b531238e539cb00f75bb4e12d2","Memory":0,"MemorySwap":0,"NetworkDisabled":false,"OnBuild":null,"OpenStdin":false,"PortSpecs":null,"SecurityOpt":null,"StdinOnce":false,"Tty":false,"User":"","Volumes":null,"WorkingDir":""},"Created":"2015-02-21T11:44:11.376382142Z","Driver":"aufs","ExecDriver":"native-0.2","HostConfig":{"Binds":null,"CapAdd":null,"CapDrop":null,"ContainerIDFile":"","Devices":null,"Dns":null,"DnsSearch":null,"ExtraHosts":[],"Links":null,"LxcConf":null,"NetworkMode":"","PortBindings":{},"Privileged":false,"PublishAllPorts":false,"RestartPolicy":{"MaximumRetryCount":0,"Name":""},"VolumesFrom":[]},"HostnamePath":"/mnt/sda1/var/lib/docker/containers/1396a3b275f417d72980331a1e25fa991a1a7d04312d8078c1d6b9702d40092f/hostname","HostsPath":"/mnt/sda1/var/lib/docker/containers/1396a3b275f417d72980331a1e25fa991a1a7d04312d8078c1d6b9702d40092f/hosts","Id":"1396a3b275f417d72980331a1e25fa991a1a7d04312d8078c1d6b9702d40092f","Image":"b9c5be3a918d80b0d898ed8eca3fc76f75c482b531238e539cb00f75bb4e12d2","MountLabel":"","Name":"/single-test","NetworkSettings":{"Bridge":"docker0","Gateway":"172.17.42.1","IPAddress":"172.17.2.120","IPPrefixLen":16,"MacAddress":"02:42:ac:11:02:78","PortMapping":null,"Ports":{"80/tcp":null}},"Path":"/bin/sh","ProcessLabel":"","ResolvConfPath":"/mnt/sda1/var/lib/docker/containers/1396a3b275f417d72980331a1e25fa991a1a7d04312d8078c1d6b9702d40092f/resolv.conf","State":{"ExitCode":0,"FinishedAt":"0001-01-01T00:00:00Z","Paused":false,"Pid":10592,"Restarting":false,"Running":true,"StartedAt":"2015-02-21T11:44:11.824226354Z"},"Volumes":{},"VolumesRW":{}}
    http_version: 
  recorded_at: Mon, 23 Feb 2015 02:23:03 GMT
- request:
    method: post
    uri: "<DOCKER_HOST>/v1.15/containers/1396a3b275f417d72980331a1e25fa991a1a7d04312d8078c1d6b9702d40092f/kill"
    body:
      encoding: US-ASCII
      string: ''
    headers:
      User-Agent:
      - Swipely/Docker-API 1.18.0
      Content-Type:
      - text/plain
  response:
    status:
      code: 204
      message: 
    headers:
      Date:
      - Sat, 21 Feb 2015 11:44:12 GMT
    body:
      encoding: UTF-8
      string: ''
    http_version: 
  recorded_at: Mon, 23 Feb 2015 02:23:03 GMT
- request:
    method: delete
    uri: "<DOCKER_HOST>/v1.15/containers/1396a3b275f417d72980331a1e25fa991a1a7d04312d8078c1d6b9702d40092f"
    body:
      encoding: US-ASCII
      string: ''
    headers:
      User-Agent:
      - Swipely/Docker-API 1.18.0
      Content-Type:
      - text/plain
  response:
    status:
      code: 204
      message: 
    headers:
      Date:
      - Sat, 21 Feb 2015 11:44:12 GMT
    body:
      encoding: UTF-8
      string: ''
    http_version: 
  recorded_at: Mon, 23 Feb 2015 02:23:03 GMT
recorded_with: VCR 2.9.3
